Archive member included to satisfy reference by file (symbol)

D:/STM32CubeIDE_1.13.1/STM32CubeIDE/plugins/com.st.stm32cube.ide.mcu.externaltools.gnu-tools-for-stm32.11.3.rel1.win32_1.1.0.202305231506/tools/bin/../lib/gcc/arm-none-eabi/11.3.1/../../../../arm-none-eabi/lib/thumb/v7-m/nofp\libc_nano.a(libc_a-exit.o)
                              D:/STM32CubeIDE_1.13.1/STM32CubeIDE/plugins/com.st.stm32cube.ide.mcu.externaltools.gnu-tools-for-stm32.11.3.rel1.win32_1.1.0.202305231506/tools/bin/../lib/gcc/arm-none-eabi/11.3.1/../../../../arm-none-eabi/lib/thumb/v7-m/nofp/crt0.o (exit)
D:/STM32CubeIDE_1.13.1/STM32CubeIDE/plugins/com.st.stm32cube.ide.mcu.externaltools.gnu-tools-for-stm32.11.3.rel1.win32_1.1.0.202305231506/tools/bin/../lib/gcc/arm-none-eabi/11.3.1/../../../../arm-none-eabi/lib/thumb/v7-m/nofp\libc_nano.a(libc_a-strtol.o)
                              ./Core/Src/stm32f1xx_it.o (strtol)
D:/STM32CubeIDE_1.13.1/STM32CubeIDE/plugins/com.st.stm32cube.ide.mcu.externaltools.gnu-tools-for-stm32.11.3.rel1.win32_1.1.0.202305231506/tools/bin/../lib/gcc/arm-none-eabi/11.3.1/../../../../arm-none-eabi/lib/thumb/v7-m/nofp\libc_nano.a(libc_a-ctype_.o)
                              ./Core/Src/main.o (_ctype_)
D:/STM32CubeIDE_1.13.1/STM32CubeIDE/plugins/com.st.stm32cube.ide.mcu.externaltools.gnu-tools-for-stm32.11.3.rel1.win32_1.1.0.202305231506/tools/bin/../lib/gcc/arm-none-eabi/11.3.1/../../../../arm-none-eabi/lib/thumb/v7-m/nofp\libc_nano.a(libc_a-findfp.o)
                              D:/STM32CubeIDE_1.13.1/STM32CubeIDE/plugins/com.st.stm32cube.ide.mcu.externaltools.gnu-tools-for-stm32.11.3.rel1.win32_1.1.0.202305231506/tools/bin/../lib/gcc/arm-none-eabi/11.3.1/../../../../arm-none-eabi/lib/thumb/v7-m/nofp\libc_nano.a(libc_a-exit.o) (__stdio_exit_handler)
D:/STM32CubeIDE_1.13.1/STM32CubeIDE/plugins/com.st.stm32cube.ide.mcu.externaltools.gnu-tools-for-stm32.11.3.rel1.win32_1.1.0.202305231506/tools/bin/../lib/gcc/arm-none-eabi/11.3.1/../../../../arm-none-eabi/lib/thumb/v7-m/nofp\libc_nano.a(libc_a-fwalk.o)
                              D:/STM32CubeIDE_1.13.1/STM32CubeIDE/plugins/com.st.stm32cube.ide.mcu.externaltools.gnu-tools-for-stm32.11.3.rel1.win32_1.1.0.202305231506/tools/bin/../lib/gcc/arm-none-eabi/11.3.1/../../../../arm-none-eabi/lib/thumb/v7-m/nofp\libc_nano.a(libc_a-findfp.o) (_fwalk_sglue)
D:/STM32CubeIDE_1.13.1/STM32CubeIDE/plugins/com.st.stm32cube.ide.mcu.externaltools.gnu-tools-for-stm32.11.3.rel1.win32_1.1.0.202305231506/tools/bin/../lib/gcc/arm-none-eabi/11.3.1/../../../../arm-none-eabi/lib/thumb/v7-m/nofp\libc_nano.a(libc_a-stdio.o)
                              D:/STM32CubeIDE_1.13.1/STM32CubeIDE/plugins/com.st.stm32cube.ide.mcu.externaltools.gnu-tools-for-stm32.11.3.rel1.win32_1.1.0.202305231506/tools/bin/../lib/gcc/arm-none-eabi/11.3.1/../../../../arm-none-eabi/lib/thumb/v7-m/nofp\libc_nano.a(libc_a-findfp.o) (__sread)
D:/STM32CubeIDE_1.13.1/STM32CubeIDE/plugins/com.st.stm32cube.ide.mcu.externaltools.gnu-tools-for-stm32.11.3.rel1.win32_1.1.0.202305231506/tools/bin/../lib/gcc/arm-none-eabi/11.3.1/../../../../arm-none-eabi/lib/thumb/v7-m/nofp\libc_nano.a(libc_a-memset.o)
                              D:/STM32CubeIDE_1.13.1/STM32CubeIDE/plugins/com.st.stm32cube.ide.mcu.externaltools.gnu-tools-for-stm32.11.3.rel1.win32_1.1.0.202305231506/tools/bin/../lib/gcc/arm-none-eabi/11.3.1/../../../../arm-none-eabi/lib/thumb/v7-m/nofp/crt0.o (memset)
D:/STM32CubeIDE_1.13.1/STM32CubeIDE/plugins/com.st.stm32cube.ide.mcu.externaltools.gnu-tools-for-stm32.11.3.rel1.win32_1.1.0.202305231506/tools/bin/../lib/gcc/arm-none-eabi/11.3.1/../../../../arm-none-eabi/lib/thumb/v7-m/nofp\libc_nano.a(libc_a-strcat.o)
                              ./Core/Src/main.o (strcat)
D:/STM32CubeIDE_1.13.1/STM32CubeIDE/plugins/com.st.stm32cube.ide.mcu.externaltools.gnu-tools-for-stm32.11.3.rel1.win32_1.1.0.202305231506/tools/bin/../lib/gcc/arm-none-eabi/11.3.1/../../../../arm-none-eabi/lib/thumb/v7-m/nofp\libc_nano.a(libc_a-closer.o)
                              D:/STM32CubeIDE_1.13.1/STM32CubeIDE/plugins/com.st.stm32cube.ide.mcu.externaltools.gnu-tools-for-stm32.11.3.rel1.win32_1.1.0.202305231506/tools/bin/../lib/gcc/arm-none-eabi/11.3.1/../../../../arm-none-eabi/lib/thumb/v7-m/nofp\libc_nano.a(libc_a-stdio.o) (_close_r)
D:/STM32CubeIDE_1.13.1/STM32CubeIDE/plugins/com.st.stm32cube.ide.mcu.externaltools.gnu-tools-for-stm32.11.3.rel1.win32_1.1.0.202305231506/tools/bin/../lib/gcc/arm-none-eabi/11.3.1/../../../../arm-none-eabi/lib/thumb/v7-m/nofp\libc_nano.a(libc_a-reent.o)
                              D:/STM32CubeIDE_1.13.1/STM32CubeIDE/plugins/com.st.stm32cube.ide.mcu.externaltools.gnu-tools-for-stm32.11.3.rel1.win32_1.1.0.202305231506/tools/bin/../lib/gcc/arm-none-eabi/11.3.1/../../../../arm-none-eabi/lib/thumb/v7-m/nofp\libc_nano.a(libc_a-closer.o) (errno)
[...]
Memory Configuration

Name             Origin             Length             Attributes
RAM              0x0000000020000000 0x000000000000c000 xrw
FLASH            0x0000000008000000 0x0000000000040000 xr
*default*        0x0000000000000000 0xffffffffffffffff

Linker script and memory map

LOAD D:/STM32CubeIDE_1.13.1/STM32CubeIDE/plugins/com.st.stm32cube.ide.mcu.externaltools.gnu-tools-for-stm32.11.3.rel1.win32_1.1.0.202305231506/tools/bin/../lib/gcc/arm-none-eabi/11.3.1/thumb/v7-m/nofp/crti.o
LOAD D:/STM32CubeIDE_1.13.1/STM32CubeIDE/plugins/com.st.stm32cube.ide.mcu.externaltools.gnu-tools-for-stm32.11.3.rel1.win32_1.1.0.202305231506/tools/bin/../lib/gcc/arm-none-eabi/11.3.1/thumb/v7-m/nofp/crtbegin.o
LOAD D:/STM32CubeIDE_1.13.1/STM32CubeIDE/plugins/com.st.stm32cube.ide.mcu.externaltools.gnu-tools-for-stm32.11.3.rel1.win32_1.1.0.202305231506/tools/bin/../lib/gcc/arm-none-eabi/11.3.1/../../../../arm-none-eabi/lib/thumb/v7-m/nofp/crt0.o
LOAD ./Core/Src/gpio.o
LOAD ./Core/Src/lcd.o
LOAD ./Core/Src/main.o
LOAD ./Core/Src/stm32f1xx_hal_msp.o
LOAD ./Core/Src/stm32f1xx_it.o
LOAD ./Core/Src/syscalls.o
LOAD ./Core/Src/sysmem.o
LOAD ./Core/Src/system_stm32f1xx.o
LOAD ./Core/Src/usart.o
LOAD ./Core/Startup/startup_stm32f103rctx.o
LOAD ./Drivers/STM32F1xx_HAL_Driver/Src/stm32f1xx_hal.o
LOAD ./Drivers/STM32F1xx_HAL_Driver/Src/stm32f1xx_hal_cortex.o
LOAD ./Drivers/STM32F1xx_HAL_Driver/Src/stm32f1xx_hal_dma.o
LOAD ./Drivers/STM32F1xx_HAL_Driver/Src/stm32f1xx_hal_exti.o
LOAD ./Drivers/STM32F1xx_HAL_Driver/Src/stm32f1xx_hal_flash.o
LOAD ./Drivers/STM32F1xx_HAL_Driver/Src/stm32f1xx_hal_flash_ex.o
LOAD ./Drivers/STM32F1xx_HAL_Driver/Src/stm32f1xx_hal_gpio.o
LOAD ./Drivers/STM32F1xx_HAL_Driver/Src/stm32f1xx_hal_gpio_ex.o
LOAD ./Drivers/STM32F1xx_HAL_Driver/Src/stm32f1xx_hal_pwr.o
LOAD ./Drivers/STM32F1xx_HAL_Driver/Src/stm32f1xx_hal_rcc.o
LOAD ./Drivers/STM32F1xx_HAL_Driver/Src/stm32f1xx_hal_rcc_ex.o
LOAD ./Drivers/STM32F1xx_HAL_Driver/Src/stm32f1xx_hal_tim.o
LOAD ./Drivers/STM32F1xx_HAL_Driver/Src/stm32f1xx_hal_tim_ex.o
LOAD ./Drivers/STM32F1xx_HAL_Driver/Src/stm32f1xx_hal_uart.o
START GROUP
LOAD D:/STM32CubeIDE_1.13.1/STM32CubeIDE/plugins/com.st.stm32cube.ide.mcu.externaltools.gnu-tools-for-stm32.11.3.rel1.win32_1.1.0.202305231506/tools/bin/../lib/gcc/arm-none-eabi/11.3.1/../../../../arm-none-eabi/lib/thumb/v7-m/nofp\libc_nano.a
LOAD D:/STM32CubeIDE_1.13.1/STM32CubeIDE/plugins/com.st.stm32cube.ide.mcu.externaltools.gnu-tools-for-stm32.11.3.rel1.win32_1.1.0.202305231506/tools/bin/../lib/gcc/arm-none-eabi/11.3.1/../../../../arm-none-eabi/lib/thumb/v7-m/nofp\libm.a
END GROUP
START GROUP
LOAD D:/STM32CubeIDE_1.13.1/STM32CubeIDE/plugins/com.st.stm32cube.ide.mcu.externaltools.gnu-tools-for-stm32.11.3.rel1.win32_1.1.0.202305231506/tools/bin/../lib/gcc/arm-none-eabi/11.3.1/thumb/v7-m/nofp\libgcc.a
LOAD D:/STM32CubeIDE_1.13.1/STM32CubeIDE/plugins/com.st.stm32cube.ide.mcu.externaltools.gnu-tools-for-stm32.11.3.rel1.win32_1.1.0.202305231506/tools/bin/../lib/gcc/arm-none-eabi/11.3.1/../../../../arm-none-eabi/lib/thumb/v7-m/nofp\libc_nano.a
END GROUP
START GROUP
LOAD D:/STM32CubeIDE_1.13.1/STM32CubeIDE/plugins/com.st.stm32cube.ide.mcu.externaltools.gnu-tools-for-stm32.11.3.rel1.win32_1.1.0.202305231506/tools/bin/../lib/gcc/arm-none-eabi/11.3.1/thumb/v7-m/nofp\libgcc.a
LOAD D:/STM32CubeIDE_1.13.1/STM32CubeIDE/plugins/com.st.stm32cube.ide.mcu.externaltools.gnu-tools-for-stm32.11.3.rel1.win32_1.1.0.202305231506/tools/bin/../lib/gcc/arm-none-eabi/11.3.1/../../../../arm-none-eabi/lib/thumb/v7-m/nofp\libc_nano.a
LOAD D:/STM32CubeIDE_1.13.1/STM32CubeIDE/plugins/com.st.stm32cube.ide.mcu.externaltools.gnu-tools-for-stm32.11.3.rel1.win32_1.1.0.202305231506/tools/bin/../lib/gcc/arm-none-eabi/11.3.1/../../../../arm-none-eabi/lib/thumb/v7-m/nofp\libnosys.a
END GROUP
START GROUP
LOAD D:/STM32CubeIDE_1.13.1/STM32CubeIDE/plugins/com.st.stm32cube.ide.mcu.externaltools.gnu-tools-for-stm32.11.3.rel1.win32_1.1.0.202305231506/tools/bin/../lib/gcc/arm-none-eabi/11.3.1/thumb/v7-m/nofp\libgcc.a
LOAD D:/STM32CubeIDE_1.13.1/STM32CubeIDE/plugins/com.st.stm32cube.ide.mcu.externaltools.gnu-tools-for-stm32.11.3.rel1.win32_1.1.0.202305231506/tools/bin/../lib/gcc/arm-none-eabi/11.3.1/../../../../arm-none-eabi/lib/thumb/v7-m/nofp\libc_nano.a
LOAD D:/STM32CubeIDE_1.13.1/STM32CubeIDE/plugins/com.st.stm32cube.ide.mcu.externaltools.gnu-tools-for-stm32.11.3.rel1.win32_1.1.0.202305231506/tools/bin/../lib/gcc/arm-none-eabi/11.3.1/../../../../arm-none-eabi/lib/thumb/v7-m/nofp\libnosys.a
END GROUP
LOAD D:/STM32CubeIDE_1.13.1/STM32CubeIDE/plugins/com.st.stm32cube.ide.mcu.externaltools.gnu-tools-for-stm32.11.3.rel1.win32_1.1.0.202305231506/tools/bin/../lib/gcc/arm-none-eabi/11.3.1/thumb/v7-m/nofp/crtend.o
LOAD D:/STM32CubeIDE_1.13.1/STM32CubeIDE/plugins/com.st.stm32cube.ide.mcu.externaltools.gnu-tools-for-stm32.11.3.rel1.win32_1.1.0.202305231506/tools/bin/../lib/gcc/arm-none-eabi/11.3.1/thumb/v7-m/nofp/crtn.o
                0x000000002000c000                _estack = (ORIGIN (RAM) + LENGTH (RAM))
                0x0000000000000200                _Min_Heap_Size = 0x200
                0x0000000000000400                _Min_Stack_Size = 0x400

.isr_vector     0x0000000008000000      0x1e4
                0x0000000008000000                . = ALIGN (0x4)
 *(.isr_vector)
 .isr_vector    0x0000000008000000      0x1e4 ./Core/Startup/startup_stm32f103rctx.o
                0x0000000008000000                g_pfnVectors
                0x00000000080001e4                . = ALIGN (0x4)

.text           0x00000000080001e8     0x8780
                0x00000000080001e8                . = ALIGN (0x4)
 *(.text)
 .text          0x00000000080001e8       0x40 D:/STM32CubeIDE_1.13.1/STM32CubeIDE/plugins/com.st.stm32cube.ide.mcu.externaltools.gnu-tools-for-stm32.11.3.rel1.win32_1.1.0.202305231506/tools/bin/../lib/gcc/arm-none-eabi/11.3.1/thumb/v7-m/nofp/crtbegin.o
 .text          0x0000000008000228       0x14 D:/STM32CubeIDE_1.13.1/STM32CubeIDE/plugins/com.st.stm32cube.ide.mcu.externaltools.gnu-tools-for-stm32.11.3.rel1.win32_1.1.0.202305231506/tools/bin/../lib/gcc/arm-none-eabi/11.3.1/../../../../arm-none-eabi/lib/thumb/v7-m/nofp\libc_nano.a(libc_a-strcmp.o)
                0x0000000008000228                strcmp
 .text          0x000000000800023c       0x10 D:/STM32CubeIDE_1.13.1/STM32CubeIDE/plugins/com.st.stm32cube.ide.mcu.externaltools.gnu-tools-for-stm32.11.3.rel1.win32_1.1.0.202305231506/tools/bin/../lib/gcc/arm-none-eabi/11.3.1/../../../../arm-none-eabi/lib/thumb/v7-m/nofp\libc_nano.a(libc_a-strlen.o)
                0x000000000800023c                strlen
 .text          0x000000000800024c      0x254 D:/STM32CubeIDE_1.13.1/STM32CubeIDE/plugins/com.st.stm32cube.ide.mcu.externaltools.gnu-tools-for-stm32.11.3.rel1.win32_1.1.0.202305231506/tools/bin/../lib/gcc/arm-none-eabi/11.3.1/thumb/v7-m/nofp\libgcc.a(_arm_muldf3.o)
                0x000000000800024c                __muldf3
                0x000000000800024c                __aeabi_dmul
 .text          0x00000000080004a0      0x378 D:/STM32CubeIDE_1.13.1/STM32CubeIDE/plugins/com.st.stm32cube.ide.mcu.externaltools.gnu-tools-for-stm32.11.3.rel1.win32_1.1.0.202305231506/tools/bin/../lib/gcc/arm-none-eabi/11.3.1/thumb/v7-m/nofp\libgcc.a(_arm_addsubdf3.o)
                0x00000000080004a0                __aeabi_drsub
                0x00000000080004a8                __aeabi_dsub
                0x00000000080004a8                __subdf3
                0x00000000080004ac                __aeabi_dadd
                0x00000000080004ac                __adddf3
                0x0000000008000724                __floatunsidf
                0x0000000008000724                __aeabi_ui2d
                0x0000000008000744                __floatsidf
                0x0000000008000744                __aeabi_i2d
                0x0000000008000768                __aeabi_f2d
                0x0000000008000768                __extendsfdf2
                0x00000000080007ac                __floatundidf
                0x00000000080007ac                __aeabi_ul2d
                0x00000000080007bc                __floatdidf
                0x00000000080007bc                __aeabi_l2d
 .text          0x0000000008000818       0x40 D:/STM32CubeIDE_1.13.1/STM32CubeIDE/plugins/com.st.stm32cube.ide.mcu.externaltools.gnu-tools-for-stm32.11.3.rel1.win32_1.1.0.202305231506/tools/bin/../lib/gcc/arm-none-eabi/11.3.1/thumb/v7-m/nofp\libgcc.a(_arm_fixunsdfsi.o)
                0x0000000008000818                __aeabi_d2uiz
                0x0000000008000818                __fixunsdfsi
 *(.text*)
 .text.MX_GPIO_Init
                0x0000000008000858      0x148 ./Core/Src/gpio.o
                0x0000000008000858                MX_GPIO_Init
 .text.LCD_WR_REG
                0x00000000080009a0       0x48 ./Core/Src/lcd.o
                0x00000000080009a0                LCD_WR_REG
 .text.LCD_WR_DATAX
                0x00000000080009e8       0x48 ./Core/Src/lcd.o
                0x00000000080009e8                LCD_WR_DATAX
 .text.LCD_RD_DATA
                0x0000000008000a30       0x88 ./Core/Src/lcd.o
                0x0000000008000a30                LCD_RD_DATA
 .text.LCD_WriteReg
                0x0000000008000ab8       0x54 ./Core/Src/lcd.o
                0x0000000008000ab8                LCD_WriteReg
 .text.LCD_ReadReg
                0x0000000008000b0c       0x20 ./Core/Src/lcd.o
                0x0000000008000b0c                LCD_ReadReg
 .text.LCD_WriteRAM_Prepare
                0x0000000008000b2c       0x18 ./Core/Src/lcd.o
                0x0000000008000b2c                LCD_WriteRAM_Prepare
 .text.LCD_SetCursor
                0x0000000008000b44      0x598 ./Core/Src/lcd.o
                0x0000000008000b44                LCD_SetCursor
 .text.LCD_Scan_Dir
                0x00000000080010dc      0x624 ./Core/Src/lcd.o
                0x00000000080010dc                LCD_Scan_Dir
 .text.LCD_Fast_DrawPoint
                0x0000000008001700      0x52c ./Core/Src/lcd.o
                0x0000000008001700                LCD_Fast_DrawPoint
 *fill*         0x0000000008001c2c        0x4 
 .text.LCD_SSD_BackLightSet
                0x0000000008001c30      0x148 ./Core/Src/lcd.o
                0x0000000008001c30                LCD_SSD_BackLightSet
 .text.LCD_Display_Dir
                0x0000000008001d78      0x218 ./Core/Src/lcd.o
                0x0000000008001d78                LCD_Display_Dir
 .text.LCD_Init
                0x0000000008001f90     0x3e5c ./Core/Src/lcd.o
                0x0000000008001f90                LCD_Init
 .text.LCD_Clear
                0x0000000008005dec       0xc4 ./Core/Src/lcd.o
                0x0000000008005dec                LCD_Clear
 .text.LCD_ShowChar
                0x0000000008005eb0      0x15c ./Core/Src/lcd.o
                0x0000000008005eb0                LCD_ShowChar
 .text.LCD_ShowString
                0x000000000800600c       0x9a ./Core/Src/lcd.o
                0x000000000800600c                LCD_ShowString
 *fill*         0x00000000080060a6        0x2 
 .text.encode   0x00000000080060a8       0xb0 ./Core/Src/main.o
                0x00000000080060a8                encode
 .text.decodeChar
                0x0000000008006158       0xd4 ./Core/Src/main.o
                0x0000000008006158                decodeChar
 .text.decode   0x000000000800622c       0xc0 ./Core/Src/main.o
                0x000000000800622c                decode
 .text.main     0x00000000080062ec      0x39c ./Core/Src/main.o
                0x00000000080062ec                main
 .text.SystemClock_Config
                0x0000000008006688       0x8a ./Core/Src/main.o
                0x0000000008006688                SystemClock_Config
 .text.Error_Handler
                0x0000000008006712        0xa ./Core/Src/main.o
                0x0000000008006712                Error_Handler
 .text.HAL_MspInit
                0x000000000800671c       0x68 ./Core/Src/stm32f1xx_hal_msp.o
                0x000000000800671c                HAL_MspInit
 .text.NMI_Handler
                0x0000000008006784        0x6 ./Core/Src/stm32f1xx_it.o
                0x0000000008006784                NMI_Handler
 .text.HardFault_Handler
                0x000000000800678a        0x6 ./Core/Src/stm32f1xx_it.o
                0x000000000800678a                HardFault_Handler
 .text.MemManage_Handler
                0x0000000008006790        0x6 ./Core/Src/stm32f1xx_it.o
                0x0000000008006790                MemManage_Handler
 .text.BusFault_Handler
                0x0000000008006796        0x6 ./Core/Src/stm32f1xx_it.o
                0x0000000008006796                BusFault_Handler
 .text.UsageFault_Handler
                0x000000000800679c        0x6 ./Core/Src/stm32f1xx_it.o
                0x000000000800679c                UsageFault_Handler
 .text.SVC_Handler
                0x00000000080067a2        0xc ./Core/Src/stm32f1xx_it.o
                0x00000000080067a2                SVC_Handler
 .text.DebugMon_Handler
                0x00000000080067ae        0xc ./Core/Src/stm32f1xx_it.o
                0x00000000080067ae                DebugMon_Handler
 .text.PendSV_Handler
                0x00000000080067ba        0xc ./Core/Src/stm32f1xx_it.o
                0x00000000080067ba                PendSV_Handler
 .text.SysTick_Handler
                0x00000000080067c6        0xc ./Core/Src/stm32f1xx_it.o
                0x00000000080067c6                SysTick_Handler
 .text.EXTI0_IRQHandler
                0x00000000080067d2        0xe ./Core/Src/stm32f1xx_it.o
                0x00000000080067d2                EXTI0_IRQHandler
 .text.EXTI9_5_IRQHandler
                0x00000000080067e0        0xe ./Core/Src/stm32f1xx_it.o
                0x00000000080067e0                EXTI9_5_IRQHandler
 *fill*         0x00000000080067ee        0x2 
 .text.USART1_IRQHandler
                0x00000000080067f0       0x14 ./Core/Src/stm32f1xx_it.o
                0x00000000080067f0                USART1_IRQHandler
 .text.EXTI15_10_IRQHandler
                0x0000000008006804       0x10 ./Core/Src/stm32f1xx_it.o
                0x0000000008006804                EXTI15_10_IRQHandler
 .text.HAL_GPIO_EXTI_Callback
                0x0000000008006814      0x22c ./Core/Src/stm32f1xx_it.o
                0x0000000008006814                HAL_GPIO_EXTI_Callback
 .text.SystemInit
                0x0000000008006a40        0xc ./Core/Src/system_stm32f1xx.o
                0x0000000008006a40                SystemInit
 .text.MX_USART1_UART_Init
                0x0000000008006a4c       0x54 ./Core/Src/usart.o
                0x0000000008006a4c                MX_USART1_UART_Init
 .text.HAL_UART_MspInit
                0x0000000008006aa0       0xa8 ./Core/Src/usart.o
                0x0000000008006aa0                HAL_UART_MspInit
 .text.Reset_Handler
                0x0000000008006b48       0x48 ./Core/Startup/startup_stm32f103rctx.o
                0x0000000008006b48                Reset_Handler
 .text.Default_Handler
                0x0000000008006b90        0x2 ./Core/Startup/startup_stm32f103rctx.o
                0x0000000008006b90                RTC_Alarm_IRQHandler
                0x0000000008006b90                EXTI2_IRQHandler
                0x0000000008006b90                TIM8_TRG_COM_IRQHandler
                0x0000000008006b90                TIM8_CC_IRQHandler
                0x0000000008006b90                TIM1_CC_IRQHandler
                0x0000000008006b90                TIM6_IRQHandler
                0x0000000008006b90                PVD_IRQHandler
                0x0000000008006b90                SDIO_IRQHandler
                0x0000000008006b90                EXTI3_IRQHandler
                0x0000000008006b90                I2C2_EV_IRQHandler
                0x0000000008006b90                ADC1_2_IRQHandler
                0x0000000008006b90                SPI1_IRQHandler
                0x0000000008006b90                TAMPER_IRQHandler
                0x0000000008006b90                TIM8_UP_IRQHandler
                0x0000000008006b90                DMA2_Channel2_IRQHandler
                0x0000000008006b90                DMA1_Channel4_IRQHandler
                0x0000000008006b90                USART3_IRQHandler
                0x0000000008006b90                RTC_IRQHandler
                0x0000000008006b90                DMA1_Channel7_IRQHandler
                0x0000000008006b90                CAN1_RX1_IRQHandler
                0x0000000008006b90                UART5_IRQHandler
                0x0000000008006b90                ADC3_IRQHandler
                0x0000000008006b90                TIM4_IRQHandler
                0x0000000008006b90                DMA2_Channel1_IRQHandler
                0x0000000008006b90                I2C1_EV_IRQHandler
                0x0000000008006b90                DMA1_Channel6_IRQHandler
                0x0000000008006b90                UART4_IRQHandler
                0x0000000008006b90                TIM3_IRQHandler
                0x0000000008006b90                RCC_IRQHandler
                0x0000000008006b90                TIM1_TRG_COM_IRQHandler
                0x0000000008006b90                DMA1_Channel1_IRQHandler
                0x0000000008006b90                Default_Handler
                0x0000000008006b90                TIM7_IRQHandler
                0x0000000008006b90                TIM5_IRQHandler
                0x0000000008006b90                SPI2_IRQHandler
                0x0000000008006b90                DMA1_Channel5_IRQHandler
                0x0000000008006b90                EXTI4_IRQHandler
                0x0000000008006b90                USB_LP_CAN1_RX0_IRQHandler
                0x0000000008006b90                USB_HP_CAN1_TX_IRQHandler
                0x0000000008006b90                DMA1_Channel3_IRQHandler
                0x0000000008006b90                FSMC_IRQHandler
                0x0000000008006b90                TIM1_UP_IRQHandler
                0x0000000008006b90                WWDG_IRQHandler
                0x0000000008006b90                TIM2_IRQHandler
                0x0000000008006b90                TIM1_BRK_IRQHandler
                0x0000000008006b90                EXTI1_IRQHandler
                0x0000000008006b90                DMA2_Channel4_5_IRQHandler
                0x0000000008006b90                USART2_IRQHandler
                0x0000000008006b90                I2C2_ER_IRQHandler
                0x0000000008006b90                DMA1_Channel2_IRQHandler
                0x0000000008006b90                TIM8_BRK_IRQHandler
                0x0000000008006b90                CAN1_SCE_IRQHandler
                0x0000000008006b90                FLASH_IRQHandler
                0x0000000008006b90                SPI3_IRQHandler
                0x0000000008006b90                I2C1_ER_IRQHandler
                0x0000000008006b90                USBWakeUp_IRQHandler
                0x0000000008006b90                DMA2_Channel3_IRQHandler
 *fill*         0x0000000008006b92        0x2 
 .text.HAL_Init
                0x0000000008006b94       0x2c ./Drivers/STM32F1xx_HAL_Driver/Src/stm32f1xx_hal.o
                0x0000000008006b94                HAL_Init
 .text.HAL_InitTick
                0x0000000008006bc0       0x60 ./Drivers/STM32F1xx_HAL_Driver/Src/stm32f1xx_hal.o
                0x0000000008006bc0                HAL_InitTick
 .text.HAL_IncTick
                0x0000000008006c20       0x24 ./Drivers/STM32F1xx_HAL_Driver/Src/stm32f1xx_hal.o
                0x0000000008006c20                HAL_IncTick
 .text.HAL_GetTick
                0x0000000008006c44       0x14 ./Drivers/STM32F1xx_HAL_Driver/Src/stm32f1xx_hal.o
                0x0000000008006c44                HAL_GetTick
 .text.HAL_Delay
                0x0000000008006c58       0x48 ./Drivers/STM32F1xx_HAL_Driver/Src/stm32f1xx_hal.o
                0x0000000008006c58                HAL_Delay
 .text.__NVIC_SetPriorityGrouping
                0x0000000008006ca0       0x48 ./Drivers/STM32F1xx_HAL_Driver/Src/stm32f1xx_hal_cortex.o
 .text.__NVIC_GetPriorityGrouping
                0x0000000008006ce8       0x1c ./Drivers/STM32F1xx_HAL_Driver/Src/stm32f1xx_hal_cortex.o
 .text.__NVIC_EnableIRQ
                0x0000000008006d04       0x38 ./Drivers/STM32F1xx_HAL_Driver/Src/stm32f1xx_hal_cortex.o
 .text.__NVIC_SetPriority
                0x0000000008006d3c       0x54 ./Drivers/STM32F1xx_HAL_Driver/Src/stm32f1xx_hal_cortex.o
 .text.NVIC_EncodePriority
                0x0000000008006d90       0x64 ./Drivers/STM32F1xx_HAL_Driver/Src/stm32f1xx_hal_cortex.o
 .text.SysTick_Config
                0x0000000008006df4       0x44 ./Drivers/STM32F1xx_HAL_Driver/Src/stm32f1xx_hal_cortex.o
 .text.HAL_NVIC_SetPriorityGrouping
                0x0000000008006e38       0x16 ./Drivers/STM32F1xx_HAL_Driver/Src/stm32f1xx_hal_cortex.o
                0x0000000008006e38                HAL_NVIC_SetPriorityGrouping
 .text.HAL_NVIC_SetPriority
                0x0000000008006e4e       0x38 ./Drivers/STM32F1xx_HAL_Driver/Src/stm32f1xx_hal_cortex.o
                0x0000000008006e4e                HAL_NVIC_SetPriority
 .text.HAL_NVIC_EnableIRQ
                0x0000000008006e86       0x1c ./Drivers/STM32F1xx_HAL_Driver/Src/stm32f1xx_hal_cortex.o
                0x0000000008006e86                HAL_NVIC_EnableIRQ
 .text.HAL_SYSTICK_Config
                0x0000000008006ea2       0x18 ./Drivers/STM32F1xx_HAL_Driver/Src/stm32f1xx_hal_cortex.o
                0x0000000008006ea2                HAL_SYSTICK_Config
 .text.HAL_DMA_Abort
                0x0000000008006eba       0x76 ./Drivers/STM32F1xx_HAL_Driver/Src/stm32f1xx_hal_dma.o
                0x0000000008006eba                HAL_DMA_Abort
 .text.HAL_DMA_Abort_IT
                0x0000000008006f30      0x210 ./Drivers/STM32F1xx_HAL_Driver/Src/stm32f1xx_hal_dma.o
                0x0000000008006f30                HAL_DMA_Abort_IT
 .text.HAL_GPIO_Init
                0x0000000008007140      0x328 ./Drivers/STM32F1xx_HAL_Driver/Src/stm32f1xx_hal_gpio.o
                0x0000000008007140                HAL_GPIO_Init
 .text.HAL_GPIO_ReadPin
                0x0000000008007468       0x2e ./Drivers/STM32F1xx_HAL_Driver/Src/stm32f1xx_hal_gpio.o
                0x0000000008007468                HAL_GPIO_ReadPin
 .text.HAL_GPIO_WritePin
                0x0000000008007496       0x30 ./Drivers/STM32F1xx_HAL_Driver/Src/stm32f1xx_hal_gpio.o
                0x0000000008007496                HAL_GPIO_WritePin
 .text.HAL_GPIO_TogglePin
                0x00000000080074c6       0x32 ./Drivers/STM32F1xx_HAL_Driver/Src/stm32f1xx_hal_gpio.o
                0x00000000080074c6                HAL_GPIO_TogglePin
 .text.HAL_GPIO_EXTI_IRQHandler
                0x00000000080074f8       0x30 ./Drivers/STM32F1xx_HAL_Driver/Src/stm32f1xx_hal_gpio.o
                0x00000000080074f8                HAL_GPIO_EXTI_IRQHandler
 .text.HAL_RCC_OscConfig
                0x0000000008007528      0x504 ./Drivers/STM32F1xx_HAL_Driver/Src/stm32f1xx_hal_rcc.o
                0x0000000008007528                HAL_RCC_OscConfig
 .text.HAL_RCC_ClockConfig
                0x0000000008007a2c      0x1d4 ./Drivers/STM32F1xx_HAL_Driver/Src/stm32f1xx_hal_rcc.o
                0x0000000008007a2c                HAL_RCC_ClockConfig
 .text.HAL_RCC_GetSysClockFreq
                0x0000000008007c00       0xa8 ./Drivers/STM32F1xx_HAL_Driver/Src/stm32f1xx_hal_rcc.o
                0x0000000008007c00                HAL_RCC_GetSysClockFreq
 .text.HAL_RCC_GetHCLKFreq
                0x0000000008007ca8       0x14 ./Drivers/STM32F1xx_HAL_Driver/Src/stm32f1xx_hal_rcc.o
                0x0000000008007ca8                HAL_RCC_GetHCLKFreq
 .text.HAL_RCC_GetPCLK1Freq
                0x0000000008007cbc       0x28 ./Drivers/STM32F1xx_HAL_Driver/Src/stm32f1xx_hal_rcc.o
                0x0000000008007cbc                HAL_RCC_GetPCLK1Freq
 .text.HAL_RCC_GetPCLK2Freq
                0x0000000008007ce4       0x28 ./Drivers/STM32F1xx_HAL_Driver/Src/stm32f1xx_hal_rcc.o
                0x0000000008007ce4                HAL_RCC_GetPCLK2Freq
 .text.RCC_Delay
                0x0000000008007d0c       0x3c ./Drivers/STM32F1xx_HAL_Driver/Src/stm32f1xx_hal_rcc.o
 .text.HAL_UART_Init
                0x0000000008007d48       0xa0 ./Drivers/STM32F1xx_HAL_Driver/Src/stm32f1xx_hal_uart.o
                0x0000000008007d48                HAL_UART_Init
 .text.HAL_UART_IRQHandler
                0x0000000008007de8      0x524 ./Drivers/STM32F1xx_HAL_Driver/Src/stm32f1xx_hal_uart.o
                0x0000000008007de8                HAL_UART_IRQHandler
 .text.HAL_UART_TxCpltCallback
                0x000000000800830c       0x12 ./Drivers/STM32F1xx_HAL_Driver/Src/stm32f1xx_hal_uart.o
                0x000000000800830c                HAL_UART_TxCpltCallback
 .text.HAL_UART_RxCpltCallback
                0x000000000800831e       0x12 ./Drivers/STM32F1xx_HAL_Driver/Src/stm32f1xx_hal_uart.o
                0x000000000800831e                HAL_UART_RxCpltCallback
 .text.HAL_UART_ErrorCallback
                0x0000000008008330       0x12 ./Drivers/STM32F1xx_HAL_Driver/Src/stm32f1xx_hal_uart.o
                0x0000000008008330                HAL_UART_ErrorCallback
 .text.HAL_UARTEx_RxEventCallback
                0x0000000008008342       0x16 ./Drivers/STM32F1xx_HAL_Driver/Src/stm32f1xx_hal_uart.o
                0x0000000008008342                HAL_UARTEx_RxEventCallback
 .text.UART_EndRxTransfer
                0x0000000008008358       0xc4 ./Drivers/STM32F1xx_HAL_Driver/Src/stm32f1xx_hal_uart.o
 .text.UART_DMAAbortOnError
                0x000000000800841c       0x28 ./Drivers/STM32F1xx_HAL_Driver/Src/stm32f1xx_hal_uart.o
 .text.UART_Transmit_IT
                0x0000000008008444       0x9e ./Drivers/STM32F1xx_HAL_Driver/Src/stm32f1xx_hal_uart.o
 .text.UART_EndTransmit_IT
                0x00000000080084e2       0x30 ./Drivers/STM32F1xx_HAL_Driver/Src/stm32f1xx_hal_uart.o
 .text.UART_Receive_IT
                0x0000000008008512      0x17c ./Drivers/STM32F1xx_HAL_Driver/Src/stm32f1xx_hal_uart.o
 *fill*         0x000000000800868e        0x2 
 .text.UART_SetConfig
                0x0000000008008690      0x11c ./Drivers/STM32F1xx_HAL_Driver/Src/stm32f1xx_hal_uart.o
 .text._strtol_l.constprop.0
                0x00000000080087ac       0xfc D:/STM32CubeIDE_1.13.1/STM32CubeIDE/plugins/com.st.stm32cube.ide.mcu.externaltools.gnu-tools-for-stm32.11.3.rel1.win32_1.1.0.202305231506/tools/bin/../lib/gcc/arm-none-eabi/11.3.1/../../../../arm-none-eabi/lib/thumb/v7-m/nofp\libc_nano.a(libc_a-strtol.o)
 .text.strtol   0x00000000080088a8       0x14 D:/STM32CubeIDE_1.13.1/STM32CubeIDE/plugins/com.st.stm32cube.ide.mcu.externaltools.gnu-tools-for-stm32.11.3.rel1.win32_1.1.0.202305231506/tools/bin/../lib/gcc/arm-none-eabi/11.3.1/../../../../arm-none-eabi/lib/thumb/v7-m/nofp\libc_nano.a(libc_a-strtol.o)
                0x00000000080088a8                strtol
 .text.memset   0x00000000080088bc       0x10 D:/STM32CubeIDE_1.13.1/STM32CubeIDE/plugins/com.st.stm32cube.ide.mcu.externaltools.gnu-tools-for-stm32.11.3.rel1.win32_1.1.0.202305231506/tools/bin/../lib/gcc/arm-none-eabi/11.3.1/../../../../arm-none-eabi/lib/thumb/v7-m/nofp\libc_nano.a(libc_a-memset.o)
                0x00000000080088bc                memset
 .text.strcat   0x00000000080088cc       0x1e D:/STM32CubeIDE_1.13.1/STM32CubeIDE/plugins/com.st.stm32cube.ide.mcu.externaltools.gnu-tools-for-stm32.11.3.rel1.win32_1.1.0.202305231506/tools/bin/../lib/gcc/arm-none-eabi/11.3.1/../../../../arm-none-eabi/lib/thumb/v7-m/nofp\libc_nano.a(libc_a-strcat.o)
                0x00000000080088cc                strcat
 *fill*         0x00000000080088ea        0x2 
 .text.__errno  0x00000000080088ec        0xc D:/STM32CubeIDE_1.13.1/STM32CubeIDE/plugins/com.st.stm32cube.ide.mcu.externaltools.gnu-tools-for-stm32.11.3.rel1.win32_1.1.0.202305231506/tools/bin/../lib/gcc/arm-none-eabi/11.3.1/../../../../arm-none-eabi/lib/thumb/v7-m/nofp\libc_nano.a(libc_a-errno.o)
                0x00000000080088ec                __errno
 .text.__libc_init_array
                0x00000000080088f8       0x48 D:/STM32CubeIDE_1.13.1/STM32CubeIDE/plugins/com.st.stm32cube.ide.mcu.externaltools.gnu-tools-for-stm32.11.3.rel1.win32_1.1.0.202305231506/tools/bin/../lib/gcc/arm-none-eabi/11.3.1/../../../../arm-none-eabi/lib/thumb/v7-m/nofp\libc_nano.a(libc_a-init.o)
                0x00000000080088f8                __libc_init_array
 .text.strcpy   0x0000000008008940       0x10 D:/STM32CubeIDE_1.13.1/STM32CubeIDE/plugins/com.st.stm32cube.ide.mcu.externaltools.gnu-tools-for-stm32.11.3.rel1.win32_1.1.0.202305231506/tools/bin/../lib/gcc/arm-none-eabi/11.3.1/../../../../arm-none-eabi/lib/thumb/v7-m/nofp\libc_nano.a(libc_a-strcpy.o)
                0x0000000008008940                strcpy
 *(.glue_7)
 .glue_7        0x0000000008008950        0x0 linker stubs
 *(.glue_7t)
 .glue_7t       0x0000000008008950        0x0 linker stubs
 *(.eh_frame)
 .eh_frame      0x0000000008008950        0x0 D:/STM32CubeIDE_1.13.1/STM32CubeIDE/plugins/com.st.stm32cube.ide.mcu.externaltools.gnu-tools-for-stm32.11.3.rel1.win32_1.1.0.202305231506/tools/bin/../lib/gcc/arm-none-eabi/11.3.1/thumb/v7-m/nofp/crtbegin.o
 *(.init)
 .init          0x0000000008008950        0x4 D:/STM32CubeIDE_1.13.1/STM32CubeIDE/plugins/com.st.stm32cube.ide.mcu.externaltools.gnu-tools-for-stm32.11.3.rel1.win32_1.1.0.202305231506/tools/bin/../lib/gcc/arm-none-eabi/11.3.1/thumb/v7-m/nofp/crti.o
                0x0000000008008950                _init
 .init          0x0000000008008954        0x8 D:/STM32CubeIDE_1.13.1/STM32CubeIDE/plugins/com.st.stm32cube.ide.mcu.externaltools.gnu-tools-for-stm32.11.3.rel1.win32_1.1.0.202305231506/tools/bin/../lib/gcc/arm-none-eabi/11.3.1/thumb/v7-m/nofp/crtn.o
 *(.fini)
 .fini          0x000000000800895c        0x4 D:/STM32CubeIDE_1.13.1/STM32CubeIDE/plugins/com.st.stm32cube.ide.mcu.externaltools.gnu-tools-for-stm32.11.3.rel1.win32_1.1.0.202305231506/tools/bin/../lib/gcc/arm-none-eabi/11.3.1/thumb/v7-m/nofp/crti.o
                0x000000000800895c                _fini
 .fini          0x0000000008008960        0x8 D:/STM32CubeIDE_1.13.1/STM32CubeIDE/plugins/com.st.stm32cube.ide.mcu.externaltools.gnu-tools-for-stm32.11.3.rel1.win32_1.1.0.202305231506/tools/bin/../lib/gcc/arm-none-eabi/11.3.1/thumb/v7-m/nofp/crtn.o
                0x0000000008008968                . = ALIGN (0x4)
                0x0000000008008968                _etext = .

.vfp11_veneer   0x0000000008008968        0x0
 .vfp11_veneer  0x0000000008008968        0x0 linker stubs

.v4_bx          0x0000000008008968        0x0
 .v4_bx         0x0000000008008968        0x0 linker stubs

.iplt           0x0000000008008968        0x0
 .iplt          0x0000000008008968        0x0 D:/STM32CubeIDE_1.13.1/STM32CubeIDE/plugins/com.st.stm32cube.ide.mcu.externaltools.gnu-tools-for-stm32.11.3.rel1.win32_1.1.0.202305231506/tools/bin/../lib/gcc/arm-none-eabi/11.3.1/thumb/v7-m/nofp/crtbegin.o

.rodata         0x0000000008008968     0x1930
                0x0000000008008968                . = ALIGN (0x4)
 *(.rodata)
 .rodata        0x0000000008008968       0x43 ./Core/Src/main.o
 *(.rodata*)
 *fill*         0x00000000080089ab        0x1 
 .rodata.asc2_1206
                0x00000000080089ac      0x474 ./Core/Src/lcd.o
                0x00000000080089ac                asc2_1206
 .rodata.asc2_1608
                0x0000000008008e20      0x5f0 ./Core/Src/lcd.o
                0x0000000008008e20                asc2_1608
 .rodata.asc2_2412
                0x0000000008009410      0xd5c ./Core/Src/lcd.o
                0x0000000008009410                asc2_2412
 .rodata.AHBPrescTable
                0x000000000800a16c       0x10 ./Core/Src/system_stm32f1xx.o
                0x000000000800a16c                AHBPrescTable
 .rodata.APBPrescTable
                0x000000000800a17c        0x8 ./Core/Src/system_stm32f1xx.o
                0x000000000800a17c                APBPrescTable
 .rodata.aPLLMULFactorTable.1
                0x000000000800a184       0x10 ./Drivers/STM32F1xx_HAL_Driver/Src/stm32f1xx_hal_rcc.o
 .rodata.aPredivFactorTable.0
                0x000000000800a194        0x2 ./Drivers/STM32F1xx_HAL_Driver/Src/stm32f1xx_hal_rcc.o
 .rodata._ctype_
                0x000000000800a196      0x101 D:/STM32CubeIDE_1.13.1/STM32CubeIDE/plugins/com.st.stm32cube.ide.mcu.externaltools.gnu-tools-for-stm32.11.3.rel1.win32_1.1.0.202305231506/tools/bin/../lib/gcc/arm-none-eabi/11.3.1/../../../../arm-none-eabi/lib/thumb/v7-m/nofp\libc_nano.a(libc_a-ctype_.o)
                0x000000000800a196                _ctype_
                0x000000000800a298                . = ALIGN (0x4)
 *fill*         0x000000000800a297        0x1 

.rel.dyn        0x000000000800a298        0x0
 .rel.iplt      0x000000000800a298        0x0 D:/STM32CubeIDE_1.13.1/STM32CubeIDE/plugins/com.st.stm32cube.ide.mcu.externaltools.gnu-tools-for-stm32.11.3.rel1.win32_1.1.0.202305231506/tools/bin/../lib/gcc/arm-none-eabi/11.3.1/thumb/v7-m/nofp/crtbegin.o

.ARM.extab      0x000000000800a298        0x0
                0x000000000800a298                . = ALIGN (0x4)
 *(.ARM.extab* .gnu.linkonce.armextab.*)
                0x000000000800a298                . = ALIGN (0x4)

.ARM            0x000000000800a298        0x0
                0x000000000800a298                . = ALIGN (0x4)
                0x000000000800a298                __exidx_start = .
 *(.ARM.exidx*)
                0x000000000800a298                __exidx_end = .
                0x000000000800a298                . = ALIGN (0x4)

.preinit_array  0x000000000800a298        0x0
                0x000000000800a298                . = ALIGN (0x4)
                0x000000000800a298                PROVIDE (__preinit_array_start = .)
 *(.preinit_array*)
                0x000000000800a298                PROVIDE (__preinit_array_end = .)
                0x000000000800a298                . = ALIGN (0x4)

.init_array     0x000000000800a298        0x4
                0x000000000800a298                . = ALIGN (0x4)
                0x000000000800a298                PROVIDE (__init_array_start = .)
 *(SORT_BY_NAME(.init_array.*))
 *(.init_array*)
 .init_array    0x000000000800a298        0x4 D:/STM32CubeIDE_1.13.1/STM32CubeIDE/plugins/com.st.stm32cube.ide.mcu.externaltools.gnu-tools-for-stm32.11.3.rel1.win32_1.1.0.202305231506/tools/bin/../lib/gcc/arm-none-eabi/11.3.1/thumb/v7-m/nofp/crtbegin.o
                0x000000000800a29c                PROVIDE (__init_array_end = .)
                0x000000000800a29c                . = ALIGN (0x4)

.fini_array     0x000000000800a29c        0x4
                0x000000000800a29c                . = ALIGN (0x4)
                [!provide]                        PROVIDE (__fini_array_start = .)
 *(SORT_BY_NAME(.fini_array.*))
 *(.fini_array*)
 .fini_array    0x000000000800a29c        0x4 D:/STM32CubeIDE_1.13.1/STM32CubeIDE/plugins/com.st.stm32cube.ide.mcu.externaltools.gnu-tools-for-stm32.11.3.rel1.win32_1.1.0.202305231506/tools/bin/../lib/gcc/arm-none-eabi/11.3.1/thumb/v7-m/nofp/crtbegin.o
                [!provide]                        PROVIDE (__fini_array_end = .)
                0x000000000800a2a0                . = ALIGN (0x4)
                0x000000000800a2a0                _sidata = LOADADDR (.data)

.data           0x0000000020000000      0x180 load address 0x000000000800a2a0
                0x0000000020000000                . = ALIGN (0x4)
                0x0000000020000000                _sdata = .
 *(.data)
 *(.data*)
 .data.BACK_COLOR
                0x0000000020000000        0x2 ./Core/Src/lcd.o
                0x0000000020000000                BACK_COLOR
 *fill*         0x0000000020000002        0x2 
 .data.encodingTable
                0x0000000020000004      0x11e ./Core/Src/main.o
                0x0000000020000004                encodingTable
 *fill*         0x0000000020000122        0x2 
 .data.SystemCoreClock
                0x0000000020000124        0x4 ./Core/Src/system_stm32f1xx.o
                0x0000000020000124                SystemCoreClock
 .data.uwTickPrio
                0x0000000020000128        0x4 ./Drivers/STM32F1xx_HAL_Driver/Src/stm32f1xx_hal.o
                0x0000000020000128                uwTickPrio
 .data.uwTickFreq
                0x000000002000012c        0x1 ./Drivers/STM32F1xx_HAL_Driver/Src/stm32f1xx_hal.o
                0x000000002000012c                uwTickFreq
 *fill*         0x000000002000012d        0x3 
 .data._impure_data
                0x0000000020000130       0x4c D:/STM32CubeIDE_1.13.1/STM32CubeIDE/plugins/com.st.stm32cube.ide.mcu.externaltools.gnu-tools-for-stm32.11.3.rel1.win32_1.1.0.202305231506/tools/bin/../lib/gcc/arm-none-eabi/11.3.1/../../../../arm-none-eabi/lib/thumb/v7-m/nofp\libc_nano.a(libc_a-impure.o)
                0x0000000020000130                _impure_data
 .data._impure_ptr
                0x000000002000017c        0x4 D:/STM32CubeIDE_1.13.1/STM32CubeIDE/plugins/com.st.stm32cube.ide.mcu.externaltools.gnu-tools-for-stm32.11.3.rel1.win32_1.1.0.202305231506/tools/bin/../lib/gcc/arm-none-eabi/11.3.1/../../../../arm-none-eabi/lib/thumb/v7-m/nofp\libc_nano.a(libc_a-impure.o)
                0x000000002000017c                _impure_ptr
 *(.RamFunc)
 *(.RamFunc*)
                0x0000000020000180                . = ALIGN (0x4)
                0x0000000020000180                _edata = .

.igot.plt       0x0000000020000180        0x0 load address 0x000000000800a420
 .igot.plt      0x0000000020000180        0x0 D:/STM32CubeIDE_1.13.1/STM32CubeIDE/plugins/com.st.stm32cube.ide.mcu.externaltools.gnu-tools-for-stm32.11.3.rel1.win32_1.1.0.202305231506/tools/bin/../lib/gcc/arm-none-eabi/11.3.1/thumb/v7-m/nofp/crtbegin.o
                0x0000000020000180                . = ALIGN (0x4)

.bss            0x0000000020000180      0x388 load address 0x000000000800a420
                0x0000000020000180                _sbss = .
                0x0000000020000180                __bss_start__ = _sbss
 *(.bss)
 .bss           0x0000000020000180       0x1c D:/STM32CubeIDE_1.13.1/STM32CubeIDE/plugins/com.st.stm32cube.ide.mcu.externaltools.gnu-tools-for-stm32.11.3.rel1.win32_1.1.0.202305231506/tools/bin/../lib/gcc/arm-none-eabi/11.3.1/thumb/v7-m/nofp/crtbegin.o
 *(.bss*)
 .bss.POINT_COLOR
                0x000000002000019c        0x2 ./Core/Src/lcd.o
                0x000000002000019c                POINT_COLOR
 *fill*         0x000000002000019e        0x2 
 .bss.lcddev    0x00000000200001a0        0xe ./Core/Src/lcd.o
                0x00000000200001a0                lcddev
 *fill*         0x00000000200001ae        0x2 
 .bss.decoded_error_buffer
                0x00000000200001b0       0x18 ./Core/Src/main.o
                0x00000000200001b0                decoded_error_buffer
 .bss.encoded_error_buffer
                0x00000000200001c8       0x18 ./Core/Src/main.o
                0x00000000200001c8                encoded_error_buffer
 .bss.exist     0x00000000200001e0        0x4 ./Core/Src/main.o
                0x00000000200001e0                exist
 .bss.encoded_output
                0x00000000200001e4       0x64 ./Core/Src/main.o
                0x00000000200001e4                encoded_output
 .bss.decoded_output
                0x0000000020000248       0x64 ./Core/Src/main.o
                0x0000000020000248                decoded_output
 .bss.Mode      0x00000000200002ac        0x4 ./Core/Src/stm32f1xx_it.o
                0x00000000200002ac                Mode
 .bss.binaryInput
                0x00000000200002b0        0x9 ./Core/Src/stm32f1xx_it.o
                0x00000000200002b0                binaryInput
 *fill*         0x00000000200002b9        0x3 
 .bss.character_input
                0x00000000200002bc       0x64 ./Core/Src/stm32f1xx_it.o
                0x00000000200002bc                character_input
 .bss.input_huffman_code
                0x0000000020000320       0x64 ./Core/Src/stm32f1xx_it.o
                0x0000000020000320                input_huffman_code
 .bss.huart1    0x0000000020000384       0x48 ./Core/Src/usart.o
                0x0000000020000384                huart1
 .bss.uwTick    0x00000000200003cc        0x4 ./Drivers/STM32F1xx_HAL_Driver/Src/stm32f1xx_hal.o
                0x00000000200003cc                uwTick
 .bss.__sf      0x00000000200003d0      0x138 D:/STM32CubeIDE_1.13.1/STM32CubeIDE/plugins/com.st.stm32cube.ide.mcu.externaltools.gnu-tools-for-stm32.11.3.rel1.win32_1.1.0.202305231506/tools/bin/../lib/gcc/arm-none-eabi/11.3.1/../../../../arm-none-eabi/lib/thumb/v7-m/nofp\libc_nano.a(libc_a-findfp.o)
                0x00000000200003d0                __sf
 *(COMMON)
                0x0000000020000508                . = ALIGN (0x4)
                0x0000000020000508                _ebss = .
                0x0000000020000508                __bss_end__ = _ebss

._user_heap_stack
                0x0000000020000508      0x600 load address 0x000000000800a420
                0x0000000020000508                . = ALIGN (0x8)
                [!provide]                        PROVIDE (end = .)
                0x0000000020000508                PROVIDE (_end = .)
                0x0000000020000708                . = (. + _Min_Heap_Size)
 *fill*         0x0000000020000508      0x200 
                0x0000000020000b08                . = (. + _Min_Stack_Size)
 *fill*         0x0000000020000708      0x400 
                0x0000000020000b08                . = ALIGN (0x8)

/DISCARD/
 libc.a(*)
 libm.a(*)
 libgcc.a(*)

.ARM.attributes
                0x0000000000000000       0x29
 *(.ARM.attributes)
 .ARM.attributes
                0x0000000000000000       0x1d D:/STM32CubeIDE_1.13.1/STM32CubeIDE/plugins/com.st.stm32cube.ide.mcu.externaltools.gnu-tools-for-stm32.11.3.rel1.win32_1.1.0.202305231506/tools/bin/../lib/gcc/arm-none-eabi/11.3.1/thumb/v7-m/nofp/crti.o
 .ARM.attributes
                0x000000000000001d       0x2d D:/STM32CubeIDE_1.13.1/STM32CubeIDE/plugins/com.st.stm32cube.ide.mcu.externaltools.gnu-tools-for-stm32.11.3.rel1.win32_1.1.0.202305231506/tools/bin/../lib/gcc/arm-none-eabi/11.3.1/thumb/v7-m/nofp/crtbegin.o
 .ARM.attributes
                0x000000000000004a       0x2d ./Core/Src/gpio.o
 .ARM.attributes
                0x0000000000000077       0x2d ./Core/Src/lcd.o
 .ARM.attributes
                0x00000000000000a4       0x2d ./Core/Src/main.o
 .ARM.attributes
                0x00000000000000d1       0x2d ./Core/Src/stm32f1xx_hal_msp.o
 .ARM.attributes
                0x00000000000000fe       0x2d ./Core/Src/stm32f1xx_it.o
 .ARM.attributes
                0x000000000000012b       0x2d ./Core/Src/system_stm32f1xx.o
 .ARM.attributes
                0x0000000000000158       0x2d ./Core/Src/usart.o
 .ARM.attributes
                0x0000000000000185       0x21 ./Core/Startup/startup_stm32f103rctx.o
 .ARM.attributes
                0x00000000000001a6       0x2d ./Drivers/STM32F1xx_HAL_Driver/Src/stm32f1xx_hal.o
 .ARM.attributes
                0x00000000000001d3       0x2d ./Drivers/STM32F1xx_HAL_Driver/Src/stm32f1xx_hal_cortex.o
 .ARM.attributes
                0x0000000000000200       0x2d ./Drivers/STM32F1xx_HAL_Driver/Src/stm32f1xx_hal_dma.o
 .ARM.attributes
                0x000000000000022d       0x2d ./Drivers/STM32F1xx_HAL_Driver/Src/stm32f1xx_hal_gpio.o
 .ARM.attributes
                0x000000000000025a       0x2d ./Drivers/STM32F1xx_HAL_Driver/Src/stm32f1xx_hal_rcc.o
 .ARM.attributes
                0x0000000000000287       0x2d ./Drivers/STM32F1xx_HAL_Driver/Src/stm32f1xx_hal_uart.o
 .ARM.attributes
                0x00000000000002b4       0x2d D:/STM32CubeIDE_1.13.1/STM32CubeIDE/plugins/com.st.stm32cube.ide.mcu.externaltools.gnu-tools-for-stm32.11.3.rel1.win32_1.1.0.202305231506/tools/bin/../lib/gcc/arm-none-eabi/11.3.1/../../../../arm-none-eabi/lib/thumb/v7-m/nofp\libc_nano.a(libc_a-strtol.o)
 .ARM.attributes
                0x00000000000002e1       0x2d D:/STM32CubeIDE_1.13.1/STM32CubeIDE/plugins/com.st.stm32cube.ide.mcu.externaltools.gnu-tools-for-stm32.11.3.rel1.win32_1.1.0.202305231506/tools/bin/../lib/gcc/arm-none-eabi/11.3.1/../../../../arm-none-eabi/lib/thumb/v7-m/nofp\libc_nano.a(libc_a-ctype_.o)
 .ARM.attributes
                0x000000000000030e       0x2d D:/STM32CubeIDE_1.13.1/STM32CubeIDE/plugins/com.st.stm32cube.ide.mcu.externaltools.gnu-tools-for-stm32.11.3.rel1.win32_1.1.0.202305231506/tools/bin/../lib/gcc/arm-none-eabi/11.3.1/../../../../arm-none-eabi/lib/thumb/v7-m/nofp\libc_nano.a(libc_a-findfp.o)
 .ARM.attributes
                0x000000000000033b       0x2d D:/STM32CubeIDE_1.13.1/STM32CubeIDE/plugins/com.st.stm32cube.ide.mcu.externaltools.gnu-tools-for-stm32.11.3.rel1.win32_1.1.0.202305231506/tools/bin/../lib/gcc/arm-none-eabi/11.3.1/../../../../arm-none-eabi/lib/thumb/v7-m/nofp\libc_nano.a(libc_a-memset.o)
 .ARM.attributes
                0x0000000000000368       0x2d D:/STM32CubeIDE_1.13.1/STM32CubeIDE/plugins/com.st.stm32cube.ide.mcu.externaltools.gnu-tools-for-stm32.11.3.rel1.win32_1.1.0.202305231506/tools/bin/../lib/gcc/arm-none-eabi/11.3.1/../../../../arm-none-eabi/lib/thumb/v7-m/nofp\libc_nano.a(libc_a-strcat.o)
 .ARM.attributes
                0x0000000000000395       0x2d D:/STM32CubeIDE_1.13.1/STM32CubeIDE/plugins/com.st.stm32cube.ide.mcu.externaltools.gnu-tools-for-stm32.11.3.rel1.win32_1.1.0.202305231506/tools/bin/../lib/gcc/arm-none-eabi/11.3.1/../../../../arm-none-eabi/lib/thumb/v7-m/nofp\libc_nano.a(libc_a-impure.o)
 .ARM.attributes
                0x00000000000003c2       0x2d D:/STM32CubeIDE_1.13.1/STM32CubeIDE/plugins/com.st.stm32cube.ide.mcu.externaltools.gnu-tools-for-stm32.11.3.rel1.win32_1.1.0.202305231506/tools/bin/../lib/gcc/arm-none-eabi/11.3.1/../../../../arm-none-eabi/lib/thumb/v7-m/nofp\libc_nano.a(libc_a-errno.o)
 .ARM.attributes
                0x00000000000003ef       0x2d D:/STM32CubeIDE_1.13.1/STM32CubeIDE/plugins/com.st.stm32cube.ide.mcu.externaltools.gnu-tools-for-stm32.11.3.rel1.win32_1.1.0.202305231506/tools/bin/../lib/gcc/arm-none-eabi/11.3.1/../../../../arm-none-eabi/lib/thumb/v7-m/nofp\libc_nano.a(libc_a-init.o)
 .ARM.attributes
                0x000000000000041c       0x1b D:/STM32CubeIDE_1.13.1/STM32CubeIDE/plugins/com.st.stm32cube.ide.mcu.externaltools.gnu-tools-for-stm32.11.3.rel1.win32_1.1.0.202305231506/tools/bin/../lib/gcc/arm-none-eabi/11.3.1/../../../../arm-none-eabi/lib/thumb/v7-m/nofp\libc_nano.a(libc_a-strcmp.o)
 .ARM.attributes
                0x0000000000000437       0x2d D:/STM32CubeIDE_1.13.1/STM32CubeIDE/plugins/com.st.stm32cube.ide.mcu.externaltools.gnu-tools-for-stm32.11.3.rel1.win32_1.1.0.202305231506/tools/bin/../lib/gcc/arm-none-eabi/11.3.1/../../../../arm-none-eabi/lib/thumb/v7-m/nofp\libc_nano.a(libc_a-strcpy.o)
 .ARM.attributes
                0x0000000000000464       0x17 D:/STM32CubeIDE_1.13.1/STM32CubeIDE/plugins/com.st.stm32cube.ide.mcu.externaltools.gnu-tools-for-stm32.11.3.rel1.win32_1.1.0.202305231506/tools/bin/../lib/gcc/arm-none-eabi/11.3.1/../../../../arm-none-eabi/lib/thumb/v7-m/nofp\libc_nano.a(libc_a-strlen.o)
 .ARM.attributes
                0x000000000000047b       0x1d D:/STM32CubeIDE_1.13.1/STM32CubeIDE/plugins/com.st.stm32cube.ide.mcu.externaltools.gnu-tools-for-stm32.11.3.rel1.win32_1.1.0.202305231506/tools/bin/../lib/gcc/arm-none-eabi/11.3.1/thumb/v7-m/nofp\libgcc.a(_arm_muldf3.o)
 .ARM.attributes
                0x0000000000000498       0x1d D:/STM32CubeIDE_1.13.1/STM32CubeIDE/plugins/com.st.stm32cube.ide.mcu.externaltools.gnu-tools-for-stm32.11.3.rel1.win32_1.1.0.202305231506/tools/bin/../lib/gcc/arm-none-eabi/11.3.1/thumb/v7-m/nofp\libgcc.a(_arm_addsubdf3.o)
 .ARM.attributes
                0x00000000000004b5       0x1d D:/STM32CubeIDE_1.13.1/STM32CubeIDE/plugins/com.st.stm32cube.ide.mcu.externaltools.gnu-tools-for-stm32.11.3.rel1.win32_1.1.0.202305231506/tools/bin/../lib/gcc/arm-none-eabi/11.3.1/thumb/v7-m/nofp\libgcc.a(_arm_fixunsdfsi.o)
 .ARM.attributes
                0x00000000000004d2       0x1d D:/STM32CubeIDE_1.13.1/STM32CubeIDE/plugins/com.st.stm32cube.ide.mcu.externaltools.gnu-tools-for-stm32.11.3.rel1.win32_1.1.0.202305231506/tools/bin/../lib/gcc/arm-none-eabi/11.3.1/thumb/v7-m/nofp/crtn.o
OUTPUT(YitongGuo_Assignment1.elf elf32-littlearm)
LOAD linker stubs
LOAD D:/STM32CubeIDE_1.13.1/STM32CubeIDE/plugins/com.st.stm32cube.ide.mcu.externaltools.gnu-tools-for-stm32.11.3.rel1.win32_1.1.0.202305231506/tools/bin/../lib/gcc/arm-none-eabi/11.3.1/../../../../arm-none-eabi/lib/thumb/v7-m/nofp\libc.a
LOAD D:/STM32CubeIDE_1.13.1/STM32CubeIDE/plugins/com.st.stm32cube.ide.mcu.externaltools.gnu-tools-for-stm32.11.3.rel1.win32_1.1.0.202305231506/tools/bin/../lib/gcc/arm-none-eabi/11.3.1/../../../../arm-none-eabi/lib/thumb/v7-m/nofp\libm.a
LOAD D:/STM32CubeIDE_1.13.1/STM32CubeIDE/plugins/com.st.stm32cube.ide.mcu.externaltools.gnu-tools-for-stm32.11.3.rel1.win32_1.1.0.202305231506/tools/bin/../lib/gcc/arm-none-eabi/11.3.1/thumb/v7-m/nofp\libgcc.a

.comment        0x0000000000000000       0x43
 .comment       0x0000000000000000       0x43 D:/STM32CubeIDE_1.13.1/STM32CubeIDE/plugins/com.st.stm32cube.ide.mcu.externaltools.gnu-tools-for-stm32.11.3.rel1.win32_1.1.0.202305231506/tools/bin/../lib/gcc/arm-none-eabi/11.3.1/thumb/v7-m/nofp/crtbegin.o
                                         0x44 (size before relaxing)
 .comment       0x0000000000000043       0x44 ./Core/Src/gpio.o
 .comment       0x0000000000000043       0x44 ./Core/Src/lcd.o
 .comment       0x0000000000000043       0x44 ./Core/Src/main.o
 .comment       0x0000000000000043       0x44 ./Core/Src/stm32f1xx_hal_msp.o
 .comment       0x0000000000000043       0x44 ./Core/Src/stm32f1xx_it.o
 .comment       0x0000000000000043       0x44 ./Core/Src/system_stm32f1xx.o
 .comment       0x0000000000000043       0x44 ./Core/Src/usart.o
 .comment       0x0000000000000043       0x44 ./Drivers/STM32F1xx_HAL_Driver/Src/stm32f1xx_hal.o
 .comment       0x0000000000000043       0x44 ./Drivers/STM32F1xx_HAL_Driver/Src/stm32f1xx_hal_cortex.o
 .comment       0x0000000000000043       0x44 ./Drivers/STM32F1xx_HAL_Driver/Src/stm32f1xx_hal_dma.o
 .comment       0x0000000000000043       0x44 ./Drivers/STM32F1xx_HAL_Driver/Src/stm32f1xx_hal_gpio.o
 .comment       0x0000000000000043       0x44 ./Drivers/STM32F1xx_HAL_Driver/Src/stm32f1xx_hal_rcc.o
 .comment       0x0000000000000043       0x44 ./Drivers/STM32F1xx_HAL_Driver/Src/stm32f1xx_hal_uart.o

.debug_info     0x0000000000000000     0x86ac
 .debug_info    0x0000000000000000      0x498 ./Core/Src/gpio.o
 .debug_info    0x0000000000000498      0xd8f ./Core/Src/lcd.o
 .debug_info    0x0000000000001227      0x75e ./Core/Src/main.o
 .debug_info    0x0000000000001985      0x204 ./Core/Src/stm32f1xx_hal_msp.o
 .debug_info    0x0000000000001b89      0x8fd ./Core/Src/stm32f1xx_it.o
 .debug_info    0x0000000000002486      0x222 ./Core/Src/system_stm32f1xx.o
 .debug_info    0x00000000000026a8      0x990 ./Core/Src/usart.o
 .debug_info    0x0000000000003038       0x23 ./Core/Startup/startup_stm32f103rctx.o
 .debug_info    0x000000000000305b      0x76a ./Drivers/STM32F1xx_HAL_Driver/Src/stm32f1xx_hal.o
 .debug_info    0x00000000000037c5      0xaed ./Drivers/STM32F1xx_HAL_Driver/Src/stm32f1xx_hal_cortex.o
 .debug_info    0x00000000000042b2      0x6d2 ./Drivers/STM32F1xx_HAL_Driver/Src/stm32f1xx_hal_dma.o
 .debug_info    0x0000000000004984      0x5ab ./Drivers/STM32F1xx_HAL_Driver/Src/stm32f1xx_hal_gpio.o
 .debug_info    0x0000000000004f2f      0x7d5 ./Drivers/STM32F1xx_HAL_Driver/Src/stm32f1xx_hal_rcc.o
 .debug_info    0x0000000000005704     0x2fa8 ./Drivers/STM32F1xx_HAL_Driver/Src/stm32f1xx_hal_uart.o

.debug_abbrev   0x0000000000000000     0x1bca
 .debug_abbrev  0x0000000000000000      0x161 ./Core/Src/gpio.o
 .debug_abbrev  0x0000000000000161      0x2d7 ./Core/Src/lcd.o
 .debug_abbrev  0x0000000000000438      0x2a9 ./Core/Src/main.o
 .debug_abbrev  0x00000000000006e1       0xf7 ./Core/Src/stm32f1xx_hal_msp.o
 .debug_abbrev  0x00000000000007d8      0x223 ./Core/Src/stm32f1xx_it.o
 .debug_abbrev  0x00000000000009fb      0x13f ./Core/Src/system_stm32f1xx.o
 .debug_abbrev  0x0000000000000b3a      0x205 ./Core/Src/usart.o
 .debug_abbrev  0x0000000000000d3f       0x12 ./Core/Startup/startup_stm32f103rctx.o
 .debug_abbrev  0x0000000000000d51      0x201 ./Drivers/STM32F1xx_HAL_Driver/Src/stm32f1xx_hal.o
 .debug_abbrev  0x0000000000000f52      0x2f8 ./Drivers/STM32F1xx_HAL_Driver/Src/stm32f1xx_hal_cortex.o
 .debug_abbrev  0x000000000000124a      0x20b ./Drivers/STM32F1xx_HAL_Driver/Src/stm32f1xx_hal_dma.o
 .debug_abbrev  0x0000000000001455      0x1ca ./Drivers/STM32F1xx_HAL_Driver/Src/stm32f1xx_hal_gpio.o
 .debug_abbrev  0x000000000000161f      0x2b3 ./Drivers/STM32F1xx_HAL_Driver/Src/stm32f1xx_hal_rcc.o
 .debug_abbrev  0x00000000000018d2      0x2f8 ./Drivers/STM32F1xx_HAL_Driver/Src/stm32f1xx_hal_uart.o

.debug_aranges  0x0000000000000000      0x7f8
 .debug_aranges
                0x0000000000000000       0x20 ./Core/Src/gpio.o
 .debug_aranges
                0x0000000000000020      0x118 ./Core/Src/lcd.o
 .debug_aranges
                0x0000000000000138       0x48 ./Core/Src/main.o
 .debug_aranges
                0x0000000000000180       0x20 ./Core/Src/stm32f1xx_hal_msp.o
 .debug_aranges
                0x00000000000001a0       0x88 ./Core/Src/stm32f1xx_it.o
 .debug_aranges
                0x0000000000000228       0x28 ./Core/Src/system_stm32f1xx.o
 .debug_aranges
                0x0000000000000250       0x30 ./Core/Src/usart.o
 .debug_aranges
                0x0000000000000280       0x28 ./Core/Startup/startup_stm32f103rctx.o
 .debug_aranges
                0x00000000000002a8       0xe0 ./Drivers/STM32F1xx_HAL_Driver/Src/stm32f1xx_hal.o
 .debug_aranges
                0x0000000000000388      0x100 ./Drivers/STM32F1xx_HAL_Driver/Src/stm32f1xx_hal_cortex.o
 .debug_aranges
                0x0000000000000488       0x80 ./Drivers/STM32F1xx_HAL_Driver/Src/stm32f1xx_hal_dma.o
 .debug_aranges
                0x0000000000000508       0x58 ./Drivers/STM32F1xx_HAL_Driver/Src/stm32f1xx_hal_gpio.o
 .debug_aranges
                0x0000000000000560       0x90 ./Drivers/STM32F1xx_HAL_Driver/Src/stm32f1xx_hal_rcc.o
 .debug_aranges
                0x00000000000005f0      0x208 ./Drivers/STM32F1xx_HAL_Driver/Src/stm32f1xx_hal_uart.o

.debug_rnglists
                0x0000000000000000      0x61a
 .debug_rnglists
                0x0000000000000000       0x14 ./Core/Src/gpio.o
 .debug_rnglists
                0x0000000000000014       0xdf ./Core/Src/lcd.o
 .debug_rnglists
                0x00000000000000f3       0x36 ./Core/Src/main.o
 .debug_rnglists
                0x0000000000000129       0x13 ./Core/Src/stm32f1xx_hal_msp.o
 .debug_rnglists
                0x000000000000013c       0x62 ./Core/Src/stm32f1xx_it.o
 .debug_rnglists
                0x000000000000019e       0x1a ./Core/Src/system_stm32f1xx.o
 .debug_rnglists
                0x00000000000001b8       0x20 ./Core/Src/usart.o
 .debug_rnglists
                0x00000000000001d8       0x19 ./Core/Startup/startup_stm32f103rctx.o
 .debug_rnglists
                0x00000000000001f1       0xa3 ./Drivers/STM32F1xx_HAL_Driver/Src/stm32f1xx_hal.o
 .debug_rnglists
                0x0000000000000294       0xbb ./Drivers/STM32F1xx_HAL_Driver/Src/stm32f1xx_hal_cortex.o
 .debug_rnglists
                0x000000000000034f       0x64 ./Drivers/STM32F1xx_HAL_Driver/Src/stm32f1xx_hal_dma.o
 .debug_rnglists
                0x00000000000003b3       0x3f ./Drivers/STM32F1xx_HAL_Driver/Src/stm32f1xx_hal_gpio.o
 .debug_rnglists
                0x00000000000003f2       0x6c ./Drivers/STM32F1xx_HAL_Driver/Src/stm32f1xx_hal_rcc.o
 .debug_rnglists
                0x000000000000045e      0x1bc ./Drivers/STM32F1xx_HAL_Driver/Src/stm32f1xx_hal_uart.o

.debug_macro    0x0000000000000000    0x19257
 .debug_macro   0x0000000000000000      0x1a7 ./Core/Src/gpio.o
 .debug_macro   0x00000000000001a7      0xa9c ./Core/Src/gpio.o
 .debug_macro   0x0000000000000c43      0x215 ./Core/Src/gpio.o
 .debug_macro   0x0000000000000e58       0x2e ./Core/Src/gpio.o
 .debug_macro   0x0000000000000e86       0x22 ./Core/Src/gpio.o
 .debug_macro   0x0000000000000ea8       0x22 ./Core/Src/gpio.o
 .debug_macro   0x0000000000000eca       0x8e ./Core/Src/gpio.o
 .debug_macro   0x0000000000000f58       0x51 ./Core/Src/gpio.o
 .debug_macro   0x0000000000000fa9      0x103 ./Core/Src/gpio.o
 .debug_macro   0x00000000000010ac       0x6a ./Core/Src/gpio.o
 .debug_macro   0x0000000000001116      0x1df ./Core/Src/gpio.o
 .debug_macro   0x00000000000012f5       0x1c ./Core/Src/gpio.o
 .debug_macro   0x0000000000001311       0x22 ./Core/Src/gpio.o
 .debug_macro   0x0000000000001333       0xbd ./Core/Src/gpio.o
 .debug_macro   0x00000000000013f0      0xd23 ./Core/Src/gpio.o
 .debug_macro   0x0000000000002113     0xfd8c ./Core/Src/gpio.o
 .debug_macro   0x0000000000011e9f       0x6d ./Core/Src/gpio.o
 .debug_macro   0x0000000000011f0c     0x348d ./Core/Src/gpio.o
 .debug_macro   0x0000000000015399      0x174 ./Core/Src/gpio.o
 .debug_macro   0x000000000001550d       0x5c ./Core/Src/gpio.o
 .debug_macro   0x0000000000015569      0x5bc ./Core/Src/gpio.o
 .debug_macro   0x0000000000015b25      0x4d5 ./Core/Src/gpio.o
 .debug_macro   0x0000000000015ffa      0x1cb ./Core/Src/gpio.o
 .debug_macro   0x00000000000161c5      0x114 ./Core/Src/gpio.o
 .debug_macro   0x00000000000162d9      0x1ea ./Core/Src/gpio.o
 .debug_macro   0x00000000000164c3       0x27 ./Core/Src/gpio.o
 .debug_macro   0x00000000000164ea      0x144 ./Core/Src/gpio.o
 .debug_macro   0x000000000001662e      0x1bc ./Core/Src/gpio.o
 .debug_macro   0x00000000000167ea       0x30 ./Core/Src/gpio.o
 .debug_macro   0x000000000001681a       0x3c ./Core/Src/gpio.o
 .debug_macro   0x0000000000016856       0x57 ./Core/Src/gpio.o
 .debug_macro   0x00000000000168ad       0x87 ./Core/Src/gpio.o
 .debug_macro   0x0000000000016934      0x24f ./Core/Src/gpio.o
 .debug_macro   0x0000000000016b83      0x140 ./Core/Src/gpio.o
 .debug_macro   0x0000000000016cc3      0x28e ./Core/Src/gpio.o
 .debug_macro   0x0000000000016f51       0xb5 ./Core/Src/gpio.o
 .debug_macro   0x0000000000017006       0x52 ./Core/Src/gpio.o
 .debug_macro   0x0000000000017058      0x282 ./Core/Src/lcd.o
 .debug_macro   0x00000000000172da       0x24 ./Core/Src/lcd.o
 .debug_macro   0x00000000000172fe       0x61 ./Core/Src/lcd.o
 .debug_macro   0x000000000001735f       0x43 ./Core/Src/lcd.o
 .debug_macro   0x00000000000173a2       0x34 ./Core/Src/lcd.o
 .debug_macro   0x00000000000173d6       0x16 ./Core/Src/lcd.o
 .debug_macro   0x00000000000173ec       0x35 ./Core/Src/lcd.o
 .debug_macro   0x0000000000017421       0x16 ./Core/Src/lcd.o
 .debug_macro   0x0000000000017437       0x43 ./Core/Src/lcd.o
 .debug_macro   0x000000000001747a       0x34 ./Core/Src/lcd.o
 .debug_macro   0x00000000000174ae       0x10 ./Core/Src/lcd.o
 .debug_macro   0x00000000000174be       0x58 ./Core/Src/lcd.o
 .debug_macro   0x0000000000017516       0x8e ./Core/Src/lcd.o
 .debug_macro   0x00000000000175a4       0x1c ./Core/Src/lcd.o
 .debug_macro   0x00000000000175c0      0x177 ./Core/Src/lcd.o
 .debug_macro   0x0000000000017737      0x369 ./Core/Src/lcd.o
 .debug_macro   0x0000000000017aa0       0x16 ./Core/Src/lcd.o
 .debug_macro   0x0000000000017ab6       0x29 ./Core/Src/lcd.o
 .debug_macro   0x0000000000017adf      0x1dc ./Core/Src/lcd.o
 .debug_macro   0x0000000000017cbb      0x2c9 ./Core/Src/main.o
 .debug_macro   0x0000000000017f84       0x16 ./Core/Src/main.o
 .debug_macro   0x0000000000017f9a       0x20 ./Core/Src/main.o
 .debug_macro   0x0000000000017fba      0x11f ./Core/Src/main.o
 .debug_macro   0x00000000000180d9      0x19d ./Core/Src/stm32f1xx_hal_msp.o
 .debug_macro   0x0000000000018276      0x2b6 ./Core/Src/stm32f1xx_it.o
 .debug_macro   0x000000000001852c      0x18e ./Core/Src/system_stm32f1xx.o
 .debug_macro   0x00000000000186ba      0x1a7 ./Core/Src/usart.o
 .debug_macro   0x0000000000018861      0x1b2 ./Drivers/STM32F1xx_HAL_Driver/Src/stm32f1xx_hal.o
 .debug_macro   0x0000000000018a13      0x18e ./Drivers/STM32F1xx_HAL_Driver/Src/stm32f1xx_hal_cortex.o
 .debug_macro   0x0000000000018ba1      0x18e ./Drivers/STM32F1xx_HAL_Driver/Src/stm32f1xx_hal_dma.o
 .debug_macro   0x0000000000018d2f      0x1f9 ./Drivers/STM32F1xx_HAL_Driver/Src/stm32f1xx_hal_gpio.o
 .debug_macro   0x0000000000018f28      0x1a0 ./Drivers/STM32F1xx_HAL_Driver/Src/stm32f1xx_hal_rcc.o
 .debug_macro   0x00000000000190c8      0x18f ./Drivers/STM32F1xx_HAL_Driver/Src/stm32f1xx_hal_uart.o

.debug_line     0x0000000000000000     0xb792
 .debug_line    0x0000000000000000      0x6ff ./Core/Src/gpio.o
 .debug_line    0x00000000000006ff     0x1e0c ./Core/Src/lcd.o
 .debug_line    0x000000000000250b      0xafd ./Core/Src/main.o
 .debug_line    0x0000000000003008      0x6c2 ./Core/Src/stm32f1xx_hal_msp.o
 .debug_line    0x00000000000036ca      0xa52 ./Core/Src/stm32f1xx_it.o
 .debug_line    0x000000000000411c      0x73e ./Core/Src/system_stm32f1xx.o
 .debug_line    0x000000000000485a      0x732 ./Core/Src/usart.o
 .debug_line    0x0000000000004f8c       0x79 ./Core/Startup/startup_stm32f103rctx.o
 .debug_line    0x0000000000005005      0x96b ./Drivers/STM32F1xx_HAL_Driver/Src/stm32f1xx_hal.o
 .debug_line    0x0000000000005970      0xb53 ./Drivers/STM32F1xx_HAL_Driver/Src/stm32f1xx_hal_cortex.o
 .debug_line    0x00000000000064c3     0x1296 ./Drivers/STM32F1xx_HAL_Driver/Src/stm32f1xx_hal_dma.o
 .debug_line    0x0000000000007759      0xa2c ./Drivers/STM32F1xx_HAL_Driver/Src/stm32f1xx_hal_gpio.o
 .debug_line    0x0000000000008185      0xd74 ./Drivers/STM32F1xx_HAL_Driver/Src/stm32f1xx_hal_rcc.o
 .debug_line    0x0000000000008ef9     0x2899 ./Drivers/STM32F1xx_HAL_Driver/Src/stm32f1xx_hal_uart.o

.debug_str      0x0000000000000000    0x90c53
 .debug_str     0x0000000000000000    0x8ac69 ./Core/Src/gpio.o
                                      0x8b14a (size before relaxing)
 .debug_str     0x000000000008ac69     0x3a8b ./Core/Src/lcd.o
                                      0x8e7a3 (size before relaxing)
 .debug_str     0x000000000008e6f4      0xba8 ./Core/Src/main.o
                                      0x8f03e (size before relaxing)
 .debug_str     0x000000000008f29c       0x77 ./Core/Src/stm32f1xx_hal_msp.o
                                      0x8ad04 (size before relaxing)
 .debug_str     0x000000000008f313      0x52e ./Core/Src/stm32f1xx_it.o
                                      0x8ea96 (size before relaxing)
 .debug_str     0x000000000008f841       0x7e ./Core/Src/system_stm32f1xx.o
                                      0x8abea (size before relaxing)
 .debug_str     0x000000000008f8bf       0x75 ./Core/Src/usart.o
                                      0x8b5a6 (size before relaxing)
 .debug_str     0x000000000008f934       0x34 ./Core/Startup/startup_stm32f103rctx.o
                                         0x59 (size before relaxing)
 .debug_str     0x000000000008f968      0x367 ./Drivers/STM32F1xx_HAL_Driver/Src/stm32f1xx_hal.o
                                      0x8b401 (size before relaxing)
 .debug_str     0x000000000008fccf      0x294 ./Drivers/STM32F1xx_HAL_Driver/Src/stm32f1xx_hal_cortex.o
                                      0x8b34d (size before relaxing)
 .debug_str     0x000000000008ff63      0x235 ./Drivers/STM32F1xx_HAL_Driver/Src/stm32f1xx_hal_dma.o
                                      0x8af93 (size before relaxing)
 .debug_str     0x0000000000090198      0x284 ./Drivers/STM32F1xx_HAL_Driver/Src/stm32f1xx_hal_gpio.o
                                      0x8af70 (size before relaxing)
 .debug_str     0x000000000009041c      0x229 ./Drivers/STM32F1xx_HAL_Driver/Src/stm32f1xx_hal_rcc.o
                                      0x8b019 (size before relaxing)
 .debug_str     0x0000000000090645      0x60e ./Drivers/STM32F1xx_HAL_Driver/Src/stm32f1xx_hal_uart.o
                                      0x8b68a (size before relaxing)

.debug_frame    0x0000000000000000     0x2200
 .debug_frame   0x0000000000000000       0x34 ./Core/Src/gpio.o
 .debug_frame   0x0000000000000034      0x4d4 ./Core/Src/lcd.o
 .debug_frame   0x0000000000000508       0xd8 ./Core/Src/main.o
 .debug_frame   0x00000000000005e0       0x34 ./Core/Src/stm32f1xx_hal_msp.o
 .debug_frame   0x0000000000000614      0x19c ./Core/Src/stm32f1xx_it.o
 .debug_frame   0x00000000000007b0       0x58 ./Core/Src/system_stm32f1xx.o
 .debug_frame   0x0000000000000808       0x74 ./Core/Src/usart.o
 .debug_frame   0x000000000000087c      0x334 ./Drivers/STM32F1xx_HAL_Driver/Src/stm32f1xx_hal.o
 .debug_frame   0x0000000000000bb0      0x428 ./Drivers/STM32F1xx_HAL_Driver/Src/stm32f1xx_hal_cortex.o
 .debug_frame   0x0000000000000fd8      0x20c ./Drivers/STM32F1xx_HAL_Driver/Src/stm32f1xx_hal_dma.o
 .debug_frame   0x00000000000011e4      0x14c ./Drivers/STM32F1xx_HAL_Driver/Src/stm32f1xx_hal_gpio.o
 .debug_frame   0x0000000000001330      0x218 ./Drivers/STM32F1xx_HAL_Driver/Src/stm32f1xx_hal_rcc.o
 .debug_frame   0x0000000000001548      0x944 ./Drivers/STM32F1xx_HAL_Driver/Src/stm32f1xx_hal_uart.o
 .debug_frame   0x0000000000001e8c       0x64 D:/STM32CubeIDE_1.13.1/STM32CubeIDE/plugins/com.st.stm32cube.ide.mcu.externaltools.gnu-tools-for-stm32.11.3.rel1.win32_1.1.0.202305231506/tools/bin/../lib/gcc/arm-none-eabi/11.3.1/../../../../arm-none-eabi/lib/thumb/v7-m/nofp\libc_nano.a(libc_a-strtol.o)
 .debug_frame   0x0000000000001ef0      0x13c D:/STM32CubeIDE_1.13.1/STM32CubeIDE/plugins/com.st.stm32cube.ide.mcu.externaltools.gnu-tools-for-stm32.11.3.rel1.win32_1.1.0.202305231506/tools/bin/../lib/gcc/arm-none-eabi/11.3.1/../../../../arm-none-eabi/lib/thumb/v7-m/nofp\libc_nano.a(libc_a-findfp.o)
 .debug_frame   0x000000000000202c       0x20 D:/STM32CubeIDE_1.13.1/STM32CubeIDE/plugins/com.st.stm32cube.ide.mcu.externaltools.gnu-tools-for-stm32.11.3.rel1.win32_1.1.0.202305231506/tools/bin/../lib/gcc/arm-none-eabi/11.3.1/../../../../arm-none-eabi/lib/thumb/v7-m/nofp\libc_nano.a(libc_a-memset.o)
 .debug_frame   0x000000000000204c       0x28 D:/STM32CubeIDE_1.13.1/STM32CubeIDE/plugins/com.st.stm32cube.ide.mcu.externaltools.gnu-tools-for-stm32.11.3.rel1.win32_1.1.0.202305231506/tools/bin/../lib/gcc/arm-none-eabi/11.3.1/../../../../arm-none-eabi/lib/thumb/v7-m/nofp\libc_nano.a(libc_a-strcat.o)
 .debug_frame   0x0000000000002074       0x20 D:/STM32CubeIDE_1.13.1/STM32CubeIDE/plugins/com.st.stm32cube.ide.mcu.externaltools.gnu-tools-for-stm32.11.3.rel1.win32_1.1.0.202305231506/tools/bin/../lib/gcc/arm-none-eabi/11.3.1/../../../../arm-none-eabi/lib/thumb/v7-m/nofp\libc_nano.a(libc_a-errno.o)
 .debug_frame   0x0000000000002094       0x2c D:/STM32CubeIDE_1.13.1/STM32CubeIDE/plugins/com.st.stm32cube.ide.mcu.externaltools.gnu-tools-for-stm32.11.3.rel1.win32_1.1.0.202305231506/tools/bin/../lib/gcc/arm-none-eabi/11.3.1/../../../../arm-none-eabi/lib/thumb/v7-m/nofp\libc_nano.a(libc_a-init.o)
 .debug_frame   0x00000000000020c0       0x20 D:/STM32CubeIDE_1.13.1/STM32CubeIDE/plugins/com.st.stm32cube.ide.mcu.externaltools.gnu-tools-for-stm32.11.3.rel1.win32_1.1.0.202305231506/tools/bin/../lib/gcc/arm-none-eabi/11.3.1/../../../../arm-none-eabi/lib/thumb/v7-m/nofp\libc_nano.a(libc_a-strcmp.o)
 .debug_frame   0x00000000000020e0       0x20 D:/STM32CubeIDE_1.13.1/STM32CubeIDE/plugins/com.st.stm32cube.ide.mcu.externaltools.gnu-tools-for-stm32.11.3.rel1.win32_1.1.0.202305231506/tools/bin/../lib/gcc/arm-none-eabi/11.3.1/../../../../arm-none-eabi/lib/thumb/v7-m/nofp\libc_nano.a(libc_a-strcpy.o)
 .debug_frame   0x0000000000002100       0x30 D:/STM32CubeIDE_1.13.1/STM32CubeIDE/plugins/com.st.stm32cube.ide.mcu.externaltools.gnu-tools-for-stm32.11.3.rel1.win32_1.1.0.202305231506/tools/bin/../lib/gcc/arm-none-eabi/11.3.1/thumb/v7-m/nofp\libgcc.a(_arm_muldf3.o)
 .debug_frame   0x0000000000002130       0xac D:/STM32CubeIDE_1.13.1/STM32CubeIDE/plugins/com.st.stm32cube.ide.mcu.externaltools.gnu-tools-for-stm32.11.3.rel1.win32_1.1.0.202305231506/tools/bin/../lib/gcc/arm-none-eabi/11.3.1/thumb/v7-m/nofp\libgcc.a(_arm_addsubdf3.o)
 .debug_frame   0x00000000000021dc       0x24 D:/STM32CubeIDE_1.13.1/STM32CubeIDE/plugins/com.st.stm32cube.ide.mcu.externaltools.gnu-tools-for-stm32.11.3.rel1.win32_1.1.0.202305231506/tools/bin/../lib/gcc/arm-none-eabi/11.3.1/thumb/v7-m/nofp\libgcc.a(_arm_fixunsdfsi.o)

.debug_line_str
                0x0000000000000000       0x4d
 .debug_line_str
                0x0000000000000000       0x4d ./Core/Startup/startup_stm32f103rctx.o
                                         0x65 (size before relaxing)
