Archive member included to satisfy reference by file (symbol)

D:/STM32CubeIDE_1.13.1/STM32CubeIDE/plugins/com.st.stm32cube.ide.mcu.externaltools.gnu-tools-for-stm32.11.3.rel1.win32_1.1.0.202305231506/tools/bin/../lib/gcc/arm-none-eabi/11.3.1/../../../../arm-none-eabi/lib/thumb/v7-m/nofp\libc_nano.a(libc_a-exit.o)
                              D:/STM32CubeIDE_1.13.1/STM32CubeIDE/plugins/com.st.stm32cube.ide.mcu.externaltools.gnu-tools-for-stm32.11.3.rel1.win32_1.1.0.202305231506/tools/bin/../lib/gcc/arm-none-eabi/11.3.1/../../../../arm-none-eabi/lib/thumb/v7-m/nofp/crt0.o (exit)
D:/STM32CubeIDE_1.13.1/STM32CubeIDE/plugins/com.st.stm32cube.ide.mcu.externaltools.gnu-tools-for-stm32.11.3.rel1.win32_1.1.0.202305231506/tools/bin/../lib/gcc/arm-none-eabi/11.3.1/../../../../arm-none-eabi/lib/thumb/v7-m/nofp\libc_nano.a(libc_a-findfp.o)
                              D:/STM32CubeIDE_1.13.1/STM32CubeIDE/plugins/com.st.stm32cube.ide.mcu.externaltools.gnu-tools-for-stm32.11.3.rel1.win32_1.1.0.202305231506/tools/bin/../lib/gcc/arm-none-eabi/11.3.1/../../../../arm-none-eabi/lib/thumb/v7-m/nofp\libc_nano.a(libc_a-exit.o) (__stdio_exit_handler)
D:/STM32CubeIDE_1.13.1/STM32CubeIDE/plugins/com.st.stm32cube.ide.mcu.externaltools.gnu-tools-for-stm32.11.3.rel1.win32_1.1.0.202305231506/tools/bin/../lib/gcc/arm-none-eabi/11.3.1/../../../../arm-none-eabi/lib/thumb/v7-m/nofp\libc_nano.a(libc_a-fwalk.o)
                              D:/STM32CubeIDE_1.13.1/STM32CubeIDE/plugins/com.st.stm32cube.ide.mcu.externaltools.gnu-tools-for-stm32.11.3.rel1.win32_1.1.0.202305231506/tools/bin/../lib/gcc/arm-none-eabi/11.3.1/../../../../arm-none-eabi/lib/thumb/v7-m/nofp\libc_nano.a(libc_a-findfp.o) (_fwalk_sglue)
D:/STM32CubeIDE_1.13.1/STM32CubeIDE/plugins/com.st.stm32cube.ide.mcu.externaltools.gnu-tools-for-stm32.11.3.rel1.win32_1.1.0.202305231506/tools/bin/../lib/gcc/arm-none-eabi/11.3.1/../../../../arm-none-eabi/lib/thumb/v7-m/nofp\libc_nano.a(libc_a-stdio.o)
                              D:/STM32CubeIDE_1.13.1/STM32CubeIDE/plugins/com.st.stm32cube.ide.mcu.externaltools.gnu-tools-for-stm32.11.3.rel1.win32_1.1.0.202305231506/tools/bin/../lib/gcc/arm-none-eabi/11.3.1/../../../../arm-none-eabi/lib/thumb/v7-m/nofp\libc_nano.a(libc_a-findfp.o) (__sread)
D:/STM32CubeIDE_1.13.1/STM32CubeIDE/plugins/com.st.stm32cube.ide.mcu.externaltools.gnu-tools-for-stm32.11.3.rel1.win32_1.1.0.202305231506/tools/bin/../lib/gcc/arm-none-eabi/11.3.1/../../../../arm-none-eabi/lib/thumb/v7-m/nofp\libc_nano.a(libc_a-memset.o)
                              D:/STM32CubeIDE_1.13.1/STM32CubeIDE/plugins/com.st.stm32cube.ide.mcu.externaltools.gnu-tools-for-stm32.11.3.rel1.win32_1.1.0.202305231506/tools/bin/../lib/gcc/arm-none-eabi/11.3.1/../../../../arm-none-eabi/lib/thumb/v7-m/nofp/crt0.o (memset)
D:/STM32CubeIDE_1.13.1/STM32CubeIDE/plugins/com.st.stm32cube.ide.mcu.externaltools.gnu-tools-for-stm32.11.3.rel1.win32_1.1.0.202305231506/tools/bin/../lib/gcc/arm-none-eabi/11.3.1/../../../../arm-none-eabi/lib/thumb/v7-m/nofp\libc_nano.a(libc_a-closer.o)
                              D:/STM32CubeIDE_1.13.1/STM32CubeIDE/plugins/com.st.stm32cube.ide.mcu.externaltools.gnu-tools-for-stm32.11.3.rel1.win32_1.1.0.202305231506/tools/bin/../lib/gcc/arm-none-eabi/11.3.1/../../../../arm-none-eabi/lib/thumb/v7-m/nofp\libc_nano.a(libc_a-stdio.o) (_close_r)
D:/STM32CubeIDE_1.13.1/STM32CubeIDE/plugins/com.st.stm32cube.ide.mcu.externaltools.gnu-tools-for-stm32.11.3.rel1.win32_1.1.0.202305231506/tools/bin/../lib/gcc/arm-none-eabi/11.3.1/../../../../arm-none-eabi/lib/thumb/v7-m/nofp\libc_nano.a(libc_a-reent.o)
                              D:/STM32CubeIDE_1.13.1/STM32CubeIDE/plugins/com.st.stm32cube.ide.mcu.externaltools.gnu-tools-for-stm32.11.3.rel1.win32_1.1.0.202305231506/tools/bin/../lib/gcc/arm-none-eabi/11.3.1/../../../../arm-none-eabi/lib/thumb/v7-m/nofp\libc_nano.a(libc_a-closer.o) (errno)
D:/STM32CubeIDE_1.13.1/STM32CubeIDE/plugins/com.st.stm32cube.ide.mcu.externaltools.gnu-tools-for-stm32.11.3.rel1.win32_1.1.0.202305231506/tools/bin/../lib/gcc/arm-none-eabi/11.3.1/../../../../arm-none-eabi/lib/thumb/v7-m/nofp\libc_nano.a(libc_a-impure.o)
                              D:/STM32CubeIDE_1.13.1/STM32CubeIDE/plugins/com.st.stm32cube.ide.mcu.externaltools.gnu-tools-for-stm32.11.3.rel1.win32_1.1.0.202305231506/tools/bin/../lib/gcc/arm-none-eabi/11.3.1/../../../../arm-none-eabi/lib/thumb/v7-m/nofp\libc_nano.a(libc_a-reent.o) (_impure_ptr)
D:/STM32CubeIDE_1.13.1/STM32CubeIDE/plugins/com.st.stm32cube.ide.mcu.externaltools.gnu-tools-for-stm32.11.3.rel1.win32_1.1.0.202305231506/tools/bin/../lib/gcc/arm-none-eabi/11.3.1/../../../../arm-none-eabi/lib/thumb/v7-m/nofp\libc_nano.a(libc_a-lseekr.o)
                              D:/STM32CubeIDE_1.13.1/STM32CubeIDE/plugins/com.st.stm32cube.ide.mcu.externaltools.gnu-tools-for-stm32.11.3.rel1.win32_1.1.0.202305231506/tools/bin/../lib/gcc/arm-none-eabi/11.3.1/../../../../arm-none-eabi/lib/thumb/v7-m/nofp\libc_nano.a(libc_a-stdio.o) (_lseek_r)
[...]
Memory Configuration

Name             Origin             Length             Attributes
RAM              0x0000000020000000 0x000000000000c000 xrw
FLASH            0x0000000008000000 0x0000000000040000 xr
*default*        0x0000000000000000 0xffffffffffffffff

Linker script and memory map

LOAD D:/STM32CubeIDE_1.13.1/STM32CubeIDE/plugins/com.st.stm32cube.ide.mcu.externaltools.gnu-tools-for-stm32.11.3.rel1.win32_1.1.0.202305231506/tools/bin/../lib/gcc/arm-none-eabi/11.3.1/thumb/v7-m/nofp/crti.o
LOAD D:/STM32CubeIDE_1.13.1/STM32CubeIDE/plugins/com.st.stm32cube.ide.mcu.externaltools.gnu-tools-for-stm32.11.3.rel1.win32_1.1.0.202305231506/tools/bin/../lib/gcc/arm-none-eabi/11.3.1/thumb/v7-m/nofp/crtbegin.o
LOAD D:/STM32CubeIDE_1.13.1/STM32CubeIDE/plugins/com.st.stm32cube.ide.mcu.externaltools.gnu-tools-for-stm32.11.3.rel1.win32_1.1.0.202305231506/tools/bin/../lib/gcc/arm-none-eabi/11.3.1/../../../../arm-none-eabi/lib/thumb/v7-m/nofp/crt0.o
LOAD ./Core/Src/gpio.o
LOAD ./Core/Src/lcd.o
LOAD ./Core/Src/main.o
LOAD ./Core/Src/stm32f1xx_hal_msp.o
LOAD ./Core/Src/stm32f1xx_it.o
LOAD ./Core/Src/syscalls.o
LOAD ./Core/Src/sysmem.o
LOAD ./Core/Src/system_stm32f1xx.o
LOAD ./Core/Src/usart.o
LOAD ./Core/Startup/startup_stm32f103rctx.o
LOAD ./Drivers/STM32F1xx_HAL_Driver/Src/stm32f1xx_hal.o
LOAD ./Drivers/STM32F1xx_HAL_Driver/Src/stm32f1xx_hal_cortex.o
LOAD ./Drivers/STM32F1xx_HAL_Driver/Src/stm32f1xx_hal_dma.o
LOAD ./Drivers/STM32F1xx_HAL_Driver/Src/stm32f1xx_hal_exti.o
LOAD ./Drivers/STM32F1xx_HAL_Driver/Src/stm32f1xx_hal_flash.o
LOAD ./Drivers/STM32F1xx_HAL_Driver/Src/stm32f1xx_hal_flash_ex.o
LOAD ./Drivers/STM32F1xx_HAL_Driver/Src/stm32f1xx_hal_gpio.o
LOAD ./Drivers/STM32F1xx_HAL_Driver/Src/stm32f1xx_hal_gpio_ex.o
LOAD ./Drivers/STM32F1xx_HAL_Driver/Src/stm32f1xx_hal_pwr.o
LOAD ./Drivers/STM32F1xx_HAL_Driver/Src/stm32f1xx_hal_rcc.o
LOAD ./Drivers/STM32F1xx_HAL_Driver/Src/stm32f1xx_hal_rcc_ex.o
LOAD ./Drivers/STM32F1xx_HAL_Driver/Src/stm32f1xx_hal_tim.o
LOAD ./Drivers/STM32F1xx_HAL_Driver/Src/stm32f1xx_hal_tim_ex.o
LOAD ./Drivers/STM32F1xx_HAL_Driver/Src/stm32f1xx_hal_uart.o
START GROUP
LOAD D:/STM32CubeIDE_1.13.1/STM32CubeIDE/plugins/com.st.stm32cube.ide.mcu.externaltools.gnu-tools-for-stm32.11.3.rel1.win32_1.1.0.202305231506/tools/bin/../lib/gcc/arm-none-eabi/11.3.1/../../../../arm-none-eabi/lib/thumb/v7-m/nofp\libc_nano.a
LOAD D:/STM32CubeIDE_1.13.1/STM32CubeIDE/plugins/com.st.stm32cube.ide.mcu.externaltools.gnu-tools-for-stm32.11.3.rel1.win32_1.1.0.202305231506/tools/bin/../lib/gcc/arm-none-eabi/11.3.1/../../../../arm-none-eabi/lib/thumb/v7-m/nofp\libm.a
END GROUP
START GROUP
LOAD D:/STM32CubeIDE_1.13.1/STM32CubeIDE/plugins/com.st.stm32cube.ide.mcu.externaltools.gnu-tools-for-stm32.11.3.rel1.win32_1.1.0.202305231506/tools/bin/../lib/gcc/arm-none-eabi/11.3.1/thumb/v7-m/nofp\libgcc.a
LOAD D:/STM32CubeIDE_1.13.1/STM32CubeIDE/plugins/com.st.stm32cube.ide.mcu.externaltools.gnu-tools-for-stm32.11.3.rel1.win32_1.1.0.202305231506/tools/bin/../lib/gcc/arm-none-eabi/11.3.1/../../../../arm-none-eabi/lib/thumb/v7-m/nofp\libc_nano.a
END GROUP
START GROUP
LOAD D:/STM32CubeIDE_1.13.1/STM32CubeIDE/plugins/com.st.stm32cube.ide.mcu.externaltools.gnu-tools-for-stm32.11.3.rel1.win32_1.1.0.202305231506/tools/bin/../lib/gcc/arm-none-eabi/11.3.1/thumb/v7-m/nofp\libgcc.a
LOAD D:/STM32CubeIDE_1.13.1/STM32CubeIDE/plugins/com.st.stm32cube.ide.mcu.externaltools.gnu-tools-for-stm32.11.3.rel1.win32_1.1.0.202305231506/tools/bin/../lib/gcc/arm-none-eabi/11.3.1/../../../../arm-none-eabi/lib/thumb/v7-m/nofp\libc_nano.a
LOAD D:/STM32CubeIDE_1.13.1/STM32CubeIDE/plugins/com.st.stm32cube.ide.mcu.externaltools.gnu-tools-for-stm32.11.3.rel1.win32_1.1.0.202305231506/tools/bin/../lib/gcc/arm-none-eabi/11.3.1/../../../../arm-none-eabi/lib/thumb/v7-m/nofp\libnosys.a
END GROUP
START GROUP
LOAD D:/STM32CubeIDE_1.13.1/STM32CubeIDE/plugins/com.st.stm32cube.ide.mcu.externaltools.gnu-tools-for-stm32.11.3.rel1.win32_1.1.0.202305231506/tools/bin/../lib/gcc/arm-none-eabi/11.3.1/thumb/v7-m/nofp\libgcc.a
LOAD D:/STM32CubeIDE_1.13.1/STM32CubeIDE/plugins/com.st.stm32cube.ide.mcu.externaltools.gnu-tools-for-stm32.11.3.rel1.win32_1.1.0.202305231506/tools/bin/../lib/gcc/arm-none-eabi/11.3.1/../../../../arm-none-eabi/lib/thumb/v7-m/nofp\libc_nano.a
LOAD D:/STM32CubeIDE_1.13.1/STM32CubeIDE/plugins/com.st.stm32cube.ide.mcu.externaltools.gnu-tools-for-stm32.11.3.rel1.win32_1.1.0.202305231506/tools/bin/../lib/gcc/arm-none-eabi/11.3.1/../../../../arm-none-eabi/lib/thumb/v7-m/nofp\libnosys.a
END GROUP
LOAD D:/STM32CubeIDE_1.13.1/STM32CubeIDE/plugins/com.st.stm32cube.ide.mcu.externaltools.gnu-tools-for-stm32.11.3.rel1.win32_1.1.0.202305231506/tools/bin/../lib/gcc/arm-none-eabi/11.3.1/thumb/v7-m/nofp/crtend.o
LOAD D:/STM32CubeIDE_1.13.1/STM32CubeIDE/plugins/com.st.stm32cube.ide.mcu.externaltools.gnu-tools-for-stm32.11.3.rel1.win32_1.1.0.202305231506/tools/bin/../lib/gcc/arm-none-eabi/11.3.1/thumb/v7-m/nofp/crtn.o
                0x000000002000c000                _estack = (ORIGIN (RAM) + LENGTH (RAM))
                0x0000000000000200                _Min_Heap_Size = 0x200
                0x0000000000000400                _Min_Stack_Size = 0x400

.isr_vector     0x0000000008000000      0x1e4
                0x0000000008000000                . = ALIGN (0x4)
 *(.isr_vector)
 .isr_vector    0x0000000008000000      0x1e4 ./Core/Startup/startup_stm32f103rctx.o
                0x0000000008000000                g_pfnVectors
                0x00000000080001e4                . = ALIGN (0x4)

.text           0x00000000080001e8     0x8120
                0x00000000080001e8                . = ALIGN (0x4)
 *(.text)
 .text          0x00000000080001e8       0x40 D:/STM32CubeIDE_1.13.1/STM32CubeIDE/plugins/com.st.stm32cube.ide.mcu.externaltools.gnu-tools-for-stm32.11.3.rel1.win32_1.1.0.202305231506/tools/bin/../lib/gcc/arm-none-eabi/11.3.1/thumb/v7-m/nofp/crtbegin.o
 .text          0x0000000008000228      0x254 D:/STM32CubeIDE_1.13.1/STM32CubeIDE/plugins/com.st.stm32cube.ide.mcu.externaltools.gnu-tools-for-stm32.11.3.rel1.win32_1.1.0.202305231506/tools/bin/../lib/gcc/arm-none-eabi/11.3.1/thumb/v7-m/nofp\libgcc.a(_arm_muldf3.o)
                0x0000000008000228                __muldf3
                0x0000000008000228                __aeabi_dmul
 .text          0x000000000800047c      0x378 D:/STM32CubeIDE_1.13.1/STM32CubeIDE/plugins/com.st.stm32cube.ide.mcu.externaltools.gnu-tools-for-stm32.11.3.rel1.win32_1.1.0.202305231506/tools/bin/../lib/gcc/arm-none-eabi/11.3.1/thumb/v7-m/nofp\libgcc.a(_arm_addsubdf3.o)
                0x000000000800047c                __aeabi_drsub
                0x0000000008000484                __aeabi_dsub
                0x0000000008000484                __subdf3
                0x0000000008000488                __aeabi_dadd
                0x0000000008000488                __adddf3
                0x0000000008000700                __floatunsidf
                0x0000000008000700                __aeabi_ui2d
                0x0000000008000720                __floatsidf
                0x0000000008000720                __aeabi_i2d
                0x0000000008000744                __aeabi_f2d
                0x0000000008000744                __extendsfdf2
                0x0000000008000788                __floatundidf
                0x0000000008000788                __aeabi_ul2d
                0x0000000008000798                __floatdidf
                0x0000000008000798                __aeabi_l2d
 .text          0x00000000080007f4       0x40 D:/STM32CubeIDE_1.13.1/STM32CubeIDE/plugins/com.st.stm32cube.ide.mcu.externaltools.gnu-tools-for-stm32.11.3.rel1.win32_1.1.0.202305231506/tools/bin/../lib/gcc/arm-none-eabi/11.3.1/thumb/v7-m/nofp\libgcc.a(_arm_fixunsdfsi.o)
                0x00000000080007f4                __aeabi_d2uiz
                0x00000000080007f4                __fixunsdfsi
 *(.text*)
 .text.MX_GPIO_Init
                0x0000000008000834      0x138 ./Core/Src/gpio.o
                0x0000000008000834                MX_GPIO_Init
 .text.LCD_WR_REG
                0x000000000800096c       0x48 ./Core/Src/lcd.o
                0x000000000800096c                LCD_WR_REG
 .text.LCD_WR_DATAX
                0x00000000080009b4       0x48 ./Core/Src/lcd.o
                0x00000000080009b4                LCD_WR_DATAX
 .text.LCD_RD_DATA
                0x00000000080009fc       0x88 ./Core/Src/lcd.o
                0x00000000080009fc                LCD_RD_DATA
 .text.LCD_WriteReg
                0x0000000008000a84       0x54 ./Core/Src/lcd.o
                0x0000000008000a84                LCD_WriteReg
 .text.LCD_ReadReg
                0x0000000008000ad8       0x20 ./Core/Src/lcd.o
                0x0000000008000ad8                LCD_ReadReg
 .text.LCD_WriteRAM_Prepare
                0x0000000008000af8       0x18 ./Core/Src/lcd.o
                0x0000000008000af8                LCD_WriteRAM_Prepare
 .text.LCD_SetCursor
                0x0000000008000b10      0x598 ./Core/Src/lcd.o
                0x0000000008000b10                LCD_SetCursor
 .text.LCD_Scan_Dir
                0x00000000080010a8      0x624 ./Core/Src/lcd.o
                0x00000000080010a8                LCD_Scan_Dir
 .text.LCD_Fast_DrawPoint
                0x00000000080016cc      0x52c ./Core/Src/lcd.o
                0x00000000080016cc                LCD_Fast_DrawPoint
 .text.LCD_SSD_BackLightSet
                0x0000000008001bf8      0x148 ./Core/Src/lcd.o
                0x0000000008001bf8                LCD_SSD_BackLightSet
 .text.LCD_Display_Dir
                0x0000000008001d40      0x218 ./Core/Src/lcd.o
                0x0000000008001d40                LCD_Display_Dir
 .text.LCD_Init
                0x0000000008001f58     0x3e5c ./Core/Src/lcd.o
                0x0000000008001f58                LCD_Init
 .text.LCD_Clear
                0x0000000008005db4       0xc4 ./Core/Src/lcd.o
                0x0000000008005db4                LCD_Clear
 .text.LCD_ShowChar
                0x0000000008005e78      0x15c ./Core/Src/lcd.o
                0x0000000008005e78                LCD_ShowChar
 .text.LCD_ShowString
                0x0000000008005fd4       0x9a ./Core/Src/lcd.o
                0x0000000008005fd4                LCD_ShowString
 *fill*         0x000000000800606e        0x2 
 .text.main     0x0000000008006070       0x34 ./Core/Src/main.o
                0x0000000008006070                main
 .text.SystemClock_Config
                0x00000000080060a4       0x88 ./Core/Src/main.o
                0x00000000080060a4                SystemClock_Config
 .text.Error_Handler
                0x000000000800612c        0xa ./Core/Src/main.o
                0x000000000800612c                Error_Handler
 *fill*         0x0000000008006136        0x2 
 .text.HAL_MspInit
                0x0000000008006138       0x68 ./Core/Src/stm32f1xx_hal_msp.o
                0x0000000008006138                HAL_MspInit
 .text.NMI_Handler
                0x00000000080061a0        0x6 ./Core/Src/stm32f1xx_it.o
                0x00000000080061a0                NMI_Handler
 .text.HardFault_Handler
                0x00000000080061a6        0x6 ./Core/Src/stm32f1xx_it.o
                0x00000000080061a6                HardFault_Handler
 .text.MemManage_Handler
                0x00000000080061ac        0x6 ./Core/Src/stm32f1xx_it.o
                0x00000000080061ac                MemManage_Handler
 .text.BusFault_Handler
                0x00000000080061b2        0x6 ./Core/Src/stm32f1xx_it.o
                0x00000000080061b2                BusFault_Handler
 .text.UsageFault_Handler
                0x00000000080061b8        0x6 ./Core/Src/stm32f1xx_it.o
                0x00000000080061b8                UsageFault_Handler
 .text.SVC_Handler
                0x00000000080061be        0xc ./Core/Src/stm32f1xx_it.o
                0x00000000080061be                SVC_Handler
 .text.DebugMon_Handler
                0x00000000080061ca        0xc ./Core/Src/stm32f1xx_it.o
                0x00000000080061ca                DebugMon_Handler
 .text.PendSV_Handler
                0x00000000080061d6        0xc ./Core/Src/stm32f1xx_it.o
                0x00000000080061d6                PendSV_Handler
 .text.SysTick_Handler
                0x00000000080061e2        0xc ./Core/Src/stm32f1xx_it.o
                0x00000000080061e2                SysTick_Handler
 .text.EXTI9_5_IRQHandler
                0x00000000080061ee        0xe ./Core/Src/stm32f1xx_it.o
                0x00000000080061ee                EXTI9_5_IRQHandler
 .text.USART1_IRQHandler
                0x00000000080061fc       0x20 ./Core/Src/stm32f1xx_it.o
                0x00000000080061fc                USART1_IRQHandler
 .text.EXTI15_10_IRQHandler
                0x000000000800621c       0x10 ./Core/Src/stm32f1xx_it.o
                0x000000000800621c                EXTI15_10_IRQHandler
 .text.HAL_GPIO_EXTI_Callback
                0x000000000800622c       0x54 ./Core/Src/stm32f1xx_it.o
                0x000000000800622c                HAL_GPIO_EXTI_Callback
 .text.HAL_UART_RxCpltCallback
                0x0000000008006280       0x80 ./Core/Src/stm32f1xx_it.o
                0x0000000008006280                HAL_UART_RxCpltCallback
 .text.SystemInit
                0x0000000008006300        0xc ./Core/Src/system_stm32f1xx.o
                0x0000000008006300                SystemInit
 .text.MX_USART1_UART_Init
                0x000000000800630c       0x54 ./Core/Src/usart.o
                0x000000000800630c                MX_USART1_UART_Init
 .text.HAL_UART_MspInit
                0x0000000008006360       0xa8 ./Core/Src/usart.o
                0x0000000008006360                HAL_UART_MspInit
 .text.Reset_Handler
                0x0000000008006408       0x48 ./Core/Startup/startup_stm32f103rctx.o
                0x0000000008006408                Reset_Handler
 .text.Default_Handler
                0x0000000008006450        0x2 ./Core/Startup/startup_stm32f103rctx.o
                0x0000000008006450                RTC_Alarm_IRQHandler
                0x0000000008006450                EXTI2_IRQHandler
                0x0000000008006450                TIM8_TRG_COM_IRQHandler
                0x0000000008006450                TIM8_CC_IRQHandler
                0x0000000008006450                TIM1_CC_IRQHandler
                0x0000000008006450                TIM6_IRQHandler
                0x0000000008006450                PVD_IRQHandler
                0x0000000008006450                SDIO_IRQHandler
                0x0000000008006450                EXTI3_IRQHandler
                0x0000000008006450                EXTI0_IRQHandler
                0x0000000008006450                I2C2_EV_IRQHandler
                0x0000000008006450                ADC1_2_IRQHandler
                0x0000000008006450                SPI1_IRQHandler
                0x0000000008006450                TAMPER_IRQHandler
                0x0000000008006450                TIM8_UP_IRQHandler
                0x0000000008006450                DMA2_Channel2_IRQHandler
                0x0000000008006450                DMA1_Channel4_IRQHandler
                0x0000000008006450                USART3_IRQHandler
                0x0000000008006450                RTC_IRQHandler
                0x0000000008006450                DMA1_Channel7_IRQHandler
                0x0000000008006450                CAN1_RX1_IRQHandler
                0x0000000008006450                UART5_IRQHandler
                0x0000000008006450                ADC3_IRQHandler
                0x0000000008006450                TIM4_IRQHandler
                0x0000000008006450                DMA2_Channel1_IRQHandler
                0x0000000008006450                I2C1_EV_IRQHandler
                0x0000000008006450                DMA1_Channel6_IRQHandler
                0x0000000008006450                UART4_IRQHandler
                0x0000000008006450                TIM3_IRQHandler
                0x0000000008006450                RCC_IRQHandler
                0x0000000008006450                TIM1_TRG_COM_IRQHandler
                0x0000000008006450                DMA1_Channel1_IRQHandler
                0x0000000008006450                Default_Handler
                0x0000000008006450                TIM7_IRQHandler
                0x0000000008006450                TIM5_IRQHandler
                0x0000000008006450                SPI2_IRQHandler
                0x0000000008006450                DMA1_Channel5_IRQHandler
                0x0000000008006450                EXTI4_IRQHandler
                0x0000000008006450                USB_LP_CAN1_RX0_IRQHandler
                0x0000000008006450                USB_HP_CAN1_TX_IRQHandler
                0x0000000008006450                DMA1_Channel3_IRQHandler
                0x0000000008006450                FSMC_IRQHandler
                0x0000000008006450                TIM1_UP_IRQHandler
                0x0000000008006450                WWDG_IRQHandler
                0x0000000008006450                TIM2_IRQHandler
                0x0000000008006450                TIM1_BRK_IRQHandler
                0x0000000008006450                EXTI1_IRQHandler
                0x0000000008006450                DMA2_Channel4_5_IRQHandler
                0x0000000008006450                USART2_IRQHandler
                0x0000000008006450                I2C2_ER_IRQHandler
                0x0000000008006450                DMA1_Channel2_IRQHandler
                0x0000000008006450                TIM8_BRK_IRQHandler
                0x0000000008006450                CAN1_SCE_IRQHandler
                0x0000000008006450                FLASH_IRQHandler
                0x0000000008006450                SPI3_IRQHandler
                0x0000000008006450                I2C1_ER_IRQHandler
                0x0000000008006450                USBWakeUp_IRQHandler
                0x0000000008006450                DMA2_Channel3_IRQHandler
 *fill*         0x0000000008006452        0x2 
 .text.HAL_Init
                0x0000000008006454       0x2c ./Drivers/STM32F1xx_HAL_Driver/Src/stm32f1xx_hal.o
                0x0000000008006454                HAL_Init
 .text.HAL_InitTick
                0x0000000008006480       0x60 ./Drivers/STM32F1xx_HAL_Driver/Src/stm32f1xx_hal.o
                0x0000000008006480                HAL_InitTick
 .text.HAL_IncTick
                0x00000000080064e0       0x24 ./Drivers/STM32F1xx_HAL_Driver/Src/stm32f1xx_hal.o
                0x00000000080064e0                HAL_IncTick
 .text.HAL_GetTick
                0x0000000008006504       0x14 ./Drivers/STM32F1xx_HAL_Driver/Src/stm32f1xx_hal.o
                0x0000000008006504                HAL_GetTick
 .text.HAL_Delay
                0x0000000008006518       0x48 ./Drivers/STM32F1xx_HAL_Driver/Src/stm32f1xx_hal.o
                0x0000000008006518                HAL_Delay
 .text.__NVIC_SetPriorityGrouping
                0x0000000008006560       0x48 ./Drivers/STM32F1xx_HAL_Driver/Src/stm32f1xx_hal_cortex.o
 .text.__NVIC_GetPriorityGrouping
                0x00000000080065a8       0x1c ./Drivers/STM32F1xx_HAL_Driver/Src/stm32f1xx_hal_cortex.o
 .text.__NVIC_EnableIRQ
                0x00000000080065c4       0x38 ./Drivers/STM32F1xx_HAL_Driver/Src/stm32f1xx_hal_cortex.o
 .text.__NVIC_SetPriority
                0x00000000080065fc       0x54 ./Drivers/STM32F1xx_HAL_Driver/Src/stm32f1xx_hal_cortex.o
 .text.NVIC_EncodePriority
                0x0000000008006650       0x64 ./Drivers/STM32F1xx_HAL_Driver/Src/stm32f1xx_hal_cortex.o
 .text.SysTick_Config
                0x00000000080066b4       0x44 ./Drivers/STM32F1xx_HAL_Driver/Src/stm32f1xx_hal_cortex.o
 .text.HAL_NVIC_SetPriorityGrouping
                0x00000000080066f8       0x16 ./Drivers/STM32F1xx_HAL_Driver/Src/stm32f1xx_hal_cortex.o
                0x00000000080066f8                HAL_NVIC_SetPriorityGrouping
 .text.HAL_NVIC_SetPriority
                0x000000000800670e       0x38 ./Drivers/STM32F1xx_HAL_Driver/Src/stm32f1xx_hal_cortex.o
                0x000000000800670e                HAL_NVIC_SetPriority
 .text.HAL_NVIC_EnableIRQ
                0x0000000008006746       0x1c ./Drivers/STM32F1xx_HAL_Driver/Src/stm32f1xx_hal_cortex.o
                0x0000000008006746                HAL_NVIC_EnableIRQ
 .text.HAL_SYSTICK_Config
                0x0000000008006762       0x18 ./Drivers/STM32F1xx_HAL_Driver/Src/stm32f1xx_hal_cortex.o
                0x0000000008006762                HAL_SYSTICK_Config
 .text.HAL_DMA_Abort
                0x000000000800677a       0x76 ./Drivers/STM32F1xx_HAL_Driver/Src/stm32f1xx_hal_dma.o
                0x000000000800677a                HAL_DMA_Abort
 .text.HAL_DMA_Abort_IT
                0x00000000080067f0      0x210 ./Drivers/STM32F1xx_HAL_Driver/Src/stm32f1xx_hal_dma.o
                0x00000000080067f0                HAL_DMA_Abort_IT
 .text.HAL_GPIO_Init
                0x0000000008006a00      0x328 ./Drivers/STM32F1xx_HAL_Driver/Src/stm32f1xx_hal_gpio.o
                0x0000000008006a00                HAL_GPIO_Init
 .text.HAL_GPIO_WritePin
                0x0000000008006d28       0x30 ./Drivers/STM32F1xx_HAL_Driver/Src/stm32f1xx_hal_gpio.o
                0x0000000008006d28                HAL_GPIO_WritePin
 .text.HAL_GPIO_EXTI_IRQHandler
                0x0000000008006d58       0x30 ./Drivers/STM32F1xx_HAL_Driver/Src/stm32f1xx_hal_gpio.o
                0x0000000008006d58                HAL_GPIO_EXTI_IRQHandler
 .text.HAL_RCC_OscConfig
                0x0000000008006d88      0x504 ./Drivers/STM32F1xx_HAL_Driver/Src/stm32f1xx_hal_rcc.o
                0x0000000008006d88                HAL_RCC_OscConfig
 .text.HAL_RCC_ClockConfig
                0x000000000800728c      0x1d4 ./Drivers/STM32F1xx_HAL_Driver/Src/stm32f1xx_hal_rcc.o
                0x000000000800728c                HAL_RCC_ClockConfig
 .text.HAL_RCC_GetSysClockFreq
                0x0000000008007460       0xa8 ./Drivers/STM32F1xx_HAL_Driver/Src/stm32f1xx_hal_rcc.o
                0x0000000008007460                HAL_RCC_GetSysClockFreq
 .text.HAL_RCC_GetHCLKFreq
                0x0000000008007508       0x14 ./Drivers/STM32F1xx_HAL_Driver/Src/stm32f1xx_hal_rcc.o
                0x0000000008007508                HAL_RCC_GetHCLKFreq
 .text.HAL_RCC_GetPCLK1Freq
                0x000000000800751c       0x28 ./Drivers/STM32F1xx_HAL_Driver/Src/stm32f1xx_hal_rcc.o
                0x000000000800751c                HAL_RCC_GetPCLK1Freq
 .text.HAL_RCC_GetPCLK2Freq
                0x0000000008007544       0x28 ./Drivers/STM32F1xx_HAL_Driver/Src/stm32f1xx_hal_rcc.o
                0x0000000008007544                HAL_RCC_GetPCLK2Freq
 .text.RCC_Delay
                0x000000000800756c       0x3c ./Drivers/STM32F1xx_HAL_Driver/Src/stm32f1xx_hal_rcc.o
 .text.HAL_UART_Init
                0x00000000080075a8       0xa0 ./Drivers/STM32F1xx_HAL_Driver/Src/stm32f1xx_hal_uart.o
                0x00000000080075a8                HAL_UART_Init
 .text.HAL_UART_Transmit
                0x0000000008007648      0x106 ./Drivers/STM32F1xx_HAL_Driver/Src/stm32f1xx_hal_uart.o
                0x0000000008007648                HAL_UART_Transmit
 .text.HAL_UART_Receive_IT
                0x000000000800774e       0x4a ./Drivers/STM32F1xx_HAL_Driver/Src/stm32f1xx_hal_uart.o
                0x000000000800774e                HAL_UART_Receive_IT
 .text.HAL_UART_IRQHandler
                0x0000000008007798      0x524 ./Drivers/STM32F1xx_HAL_Driver/Src/stm32f1xx_hal_uart.o
                0x0000000008007798                HAL_UART_IRQHandler
 .text.HAL_UART_TxCpltCallback
                0x0000000008007cbc       0x12 ./Drivers/STM32F1xx_HAL_Driver/Src/stm32f1xx_hal_uart.o
                0x0000000008007cbc                HAL_UART_TxCpltCallback
 .text.HAL_UART_ErrorCallback
                0x0000000008007cce       0x12 ./Drivers/STM32F1xx_HAL_Driver/Src/stm32f1xx_hal_uart.o
                0x0000000008007cce                HAL_UART_ErrorCallback
 .text.HAL_UARTEx_RxEventCallback
                0x0000000008007ce0       0x16 ./Drivers/STM32F1xx_HAL_Driver/Src/stm32f1xx_hal_uart.o
                0x0000000008007ce0                HAL_UARTEx_RxEventCallback
 .text.UART_WaitOnFlagUntilTimeout
                0x0000000008007cf6       0xdc ./Drivers/STM32F1xx_HAL_Driver/Src/stm32f1xx_hal_uart.o
 .text.UART_Start_Receive_IT
                0x0000000008007dd2       0x72 ./Drivers/STM32F1xx_HAL_Driver/Src/stm32f1xx_hal_uart.o
                0x0000000008007dd2                UART_Start_Receive_IT
 .text.UART_EndRxTransfer
                0x0000000008007e44       0xc4 ./Drivers/STM32F1xx_HAL_Driver/Src/stm32f1xx_hal_uart.o
 .text.UART_DMAAbortOnError
                0x0000000008007f08       0x28 ./Drivers/STM32F1xx_HAL_Driver/Src/stm32f1xx_hal_uart.o
 .text.UART_Transmit_IT
                0x0000000008007f30       0x9e ./Drivers/STM32F1xx_HAL_Driver/Src/stm32f1xx_hal_uart.o
 .text.UART_EndTransmit_IT
                0x0000000008007fce       0x30 ./Drivers/STM32F1xx_HAL_Driver/Src/stm32f1xx_hal_uart.o
 .text.UART_Receive_IT
                0x0000000008007ffe      0x17c ./Drivers/STM32F1xx_HAL_Driver/Src/stm32f1xx_hal_uart.o
 *fill*         0x000000000800817a        0x2 
 .text.UART_SetConfig
                0x000000000800817c      0x11c ./Drivers/STM32F1xx_HAL_Driver/Src/stm32f1xx_hal_uart.o
 .text.memset   0x0000000008008298       0x10 D:/STM32CubeIDE_1.13.1/STM32CubeIDE/plugins/com.st.stm32cube.ide.mcu.externaltools.gnu-tools-for-stm32.11.3.rel1.win32_1.1.0.202305231506/tools/bin/../lib/gcc/arm-none-eabi/11.3.1/../../../../arm-none-eabi/lib/thumb/v7-m/nofp\libc_nano.a(libc_a-memset.o)
                0x0000000008008298                memset
 .text.__libc_init_array
                0x00000000080082a8       0x48 D:/STM32CubeIDE_1.13.1/STM32CubeIDE/plugins/com.st.stm32cube.ide.mcu.externaltools.gnu-tools-for-stm32.11.3.rel1.win32_1.1.0.202305231506/tools/bin/../lib/gcc/arm-none-eabi/11.3.1/../../../../arm-none-eabi/lib/thumb/v7-m/nofp\libc_nano.a(libc_a-init.o)
                0x00000000080082a8                __libc_init_array
 *(.glue_7)
 .glue_7        0x00000000080082f0        0x0 linker stubs
 *(.glue_7t)
 .glue_7t       0x00000000080082f0        0x0 linker stubs
 *(.eh_frame)
 .eh_frame      0x00000000080082f0        0x0 D:/STM32CubeIDE_1.13.1/STM32CubeIDE/plugins/com.st.stm32cube.ide.mcu.externaltools.gnu-tools-for-stm32.11.3.rel1.win32_1.1.0.202305231506/tools/bin/../lib/gcc/arm-none-eabi/11.3.1/thumb/v7-m/nofp/crtbegin.o
 *(.init)
 .init          0x00000000080082f0        0x4 D:/STM32CubeIDE_1.13.1/STM32CubeIDE/plugins/com.st.stm32cube.ide.mcu.externaltools.gnu-tools-for-stm32.11.3.rel1.win32_1.1.0.202305231506/tools/bin/../lib/gcc/arm-none-eabi/11.3.1/thumb/v7-m/nofp/crti.o
                0x00000000080082f0                _init
 .init          0x00000000080082f4        0x8 D:/STM32CubeIDE_1.13.1/STM32CubeIDE/plugins/com.st.stm32cube.ide.mcu.externaltools.gnu-tools-for-stm32.11.3.rel1.win32_1.1.0.202305231506/tools/bin/../lib/gcc/arm-none-eabi/11.3.1/thumb/v7-m/nofp/crtn.o
 *(.fini)
 .fini          0x00000000080082fc        0x4 D:/STM32CubeIDE_1.13.1/STM32CubeIDE/plugins/com.st.stm32cube.ide.mcu.externaltools.gnu-tools-for-stm32.11.3.rel1.win32_1.1.0.202305231506/tools/bin/../lib/gcc/arm-none-eabi/11.3.1/thumb/v7-m/nofp/crti.o
                0x00000000080082fc                _fini
 .fini          0x0000000008008300        0x8 D:/STM32CubeIDE_1.13.1/STM32CubeIDE/plugins/com.st.stm32cube.ide.mcu.externaltools.gnu-tools-for-stm32.11.3.rel1.win32_1.1.0.202305231506/tools/bin/../lib/gcc/arm-none-eabi/11.3.1/thumb/v7-m/nofp/crtn.o
                0x0000000008008308                . = ALIGN (0x4)
                0x0000000008008308                _etext = .

.vfp11_veneer   0x0000000008008308        0x0
 .vfp11_veneer  0x0000000008008308        0x0 linker stubs

.v4_bx          0x0000000008008308        0x0
 .v4_bx         0x0000000008008308        0x0 linker stubs

.iplt           0x0000000008008308        0x0
 .iplt          0x0000000008008308        0x0 D:/STM32CubeIDE_1.13.1/STM32CubeIDE/plugins/com.st.stm32cube.ide.mcu.externaltools.gnu-tools-for-stm32.11.3.rel1.win32_1.1.0.202305231506/tools/bin/../lib/gcc/arm-none-eabi/11.3.1/thumb/v7-m/nofp/crtbegin.o

.rodata         0x0000000008008308     0x1814
                0x0000000008008308                . = ALIGN (0x4)
 *(.rodata)
 .rodata        0x0000000008008308       0x25 ./Core/Src/stm32f1xx_it.o
 *(.rodata*)
 *fill*         0x000000000800832d        0x3 
 .rodata.asc2_1206
                0x0000000008008330      0x474 ./Core/Src/lcd.o
                0x0000000008008330                asc2_1206
 .rodata.asc2_1608
                0x00000000080087a4      0x5f0 ./Core/Src/lcd.o
                0x00000000080087a4                asc2_1608
 .rodata.asc2_2412
                0x0000000008008d94      0xd5c ./Core/Src/lcd.o
                0x0000000008008d94                asc2_2412
 .rodata.AHBPrescTable
                0x0000000008009af0       0x10 ./Core/Src/system_stm32f1xx.o
                0x0000000008009af0                AHBPrescTable
 .rodata.APBPrescTable
                0x0000000008009b00        0x8 ./Core/Src/system_stm32f1xx.o
                0x0000000008009b00                APBPrescTable
 .rodata.aPLLMULFactorTable.1
                0x0000000008009b08       0x10 ./Drivers/STM32F1xx_HAL_Driver/Src/stm32f1xx_hal_rcc.o
 .rodata.aPredivFactorTable.0
                0x0000000008009b18        0x2 ./Drivers/STM32F1xx_HAL_Driver/Src/stm32f1xx_hal_rcc.o
                0x0000000008009b1c                . = ALIGN (0x4)
 *fill*         0x0000000008009b1a        0x2 

.rel.dyn        0x0000000008009b1c        0x0
 .rel.iplt      0x0000000008009b1c        0x0 D:/STM32CubeIDE_1.13.1/STM32CubeIDE/plugins/com.st.stm32cube.ide.mcu.externaltools.gnu-tools-for-stm32.11.3.rel1.win32_1.1.0.202305231506/tools/bin/../lib/gcc/arm-none-eabi/11.3.1/thumb/v7-m/nofp/crtbegin.o

.ARM.extab      0x0000000008009b1c        0x0
                0x0000000008009b1c                . = ALIGN (0x4)
 *(.ARM.extab* .gnu.linkonce.armextab.*)
                0x0000000008009b1c                . = ALIGN (0x4)

.ARM            0x0000000008009b1c        0x0
                0x0000000008009b1c                . = ALIGN (0x4)
                0x0000000008009b1c                __exidx_start = .
 *(.ARM.exidx*)
                0x0000000008009b1c                __exidx_end = .
                0x0000000008009b1c                . = ALIGN (0x4)

.preinit_array  0x0000000008009b1c        0x0
                0x0000000008009b1c                . = ALIGN (0x4)
                0x0000000008009b1c                PROVIDE (__preinit_array_start = .)
 *(.preinit_array*)
                0x0000000008009b1c                PROVIDE (__preinit_array_end = .)
                0x0000000008009b1c                . = ALIGN (0x4)

.init_array     0x0000000008009b1c        0x4
                0x0000000008009b1c                . = ALIGN (0x4)
                0x0000000008009b1c                PROVIDE (__init_array_start = .)
 *(SORT_BY_NAME(.init_array.*))
 *(.init_array*)
 .init_array    0x0000000008009b1c        0x4 D:/STM32CubeIDE_1.13.1/STM32CubeIDE/plugins/com.st.stm32cube.ide.mcu.externaltools.gnu-tools-for-stm32.11.3.rel1.win32_1.1.0.202305231506/tools/bin/../lib/gcc/arm-none-eabi/11.3.1/thumb/v7-m/nofp/crtbegin.o
                0x0000000008009b20                PROVIDE (__init_array_end = .)
                0x0000000008009b20                . = ALIGN (0x4)

.fini_array     0x0000000008009b20        0x4
                0x0000000008009b20                . = ALIGN (0x4)
                [!provide]                        PROVIDE (__fini_array_start = .)
 *(SORT_BY_NAME(.fini_array.*))
 *(.fini_array*)
 .fini_array    0x0000000008009b20        0x4 D:/STM32CubeIDE_1.13.1/STM32CubeIDE/plugins/com.st.stm32cube.ide.mcu.externaltools.gnu-tools-for-stm32.11.3.rel1.win32_1.1.0.202305231506/tools/bin/../lib/gcc/arm-none-eabi/11.3.1/thumb/v7-m/nofp/crtbegin.o
                [!provide]                        PROVIDE (__fini_array_end = .)
                0x0000000008009b24                . = ALIGN (0x4)
                0x0000000008009b24                _sidata = LOADADDR (.data)

.data           0x0000000020000000       0x10 load address 0x0000000008009b24
                0x0000000020000000                . = ALIGN (0x4)
                0x0000000020000000                _sdata = .
 *(.data)
 *(.data*)
 .data.BACK_COLOR
                0x0000000020000000        0x2 ./Core/Src/lcd.o
                0x0000000020000000                BACK_COLOR
 *fill*         0x0000000020000002        0x2 
 .data.SystemCoreClock
                0x0000000020000004        0x4 ./Core/Src/system_stm32f1xx.o
                0x0000000020000004                SystemCoreClock
 .data.uwTickPrio
                0x0000000020000008        0x4 ./Drivers/STM32F1xx_HAL_Driver/Src/stm32f1xx_hal.o
                0x0000000020000008                uwTickPrio
 .data.uwTickFreq
                0x000000002000000c        0x1 ./Drivers/STM32F1xx_HAL_Driver/Src/stm32f1xx_hal.o
                0x000000002000000c                uwTickFreq
 *(.RamFunc)
 *(.RamFunc*)
                0x0000000020000010                . = ALIGN (0x4)
 *fill*         0x000000002000000d        0x3 
                0x0000000020000010                _edata = .

.igot.plt       0x0000000020000010        0x0 load address 0x0000000008009b34
 .igot.plt      0x0000000020000010        0x0 D:/STM32CubeIDE_1.13.1/STM32CubeIDE/plugins/com.st.stm32cube.ide.mcu.externaltools.gnu-tools-for-stm32.11.3.rel1.win32_1.1.0.202305231506/tools/bin/../lib/gcc/arm-none-eabi/11.3.1/thumb/v7-m/nofp/crtbegin.o
                0x0000000020000010                . = ALIGN (0x4)

.bss            0x0000000020000010      0x494 load address 0x0000000008009b34
                0x0000000020000010                _sbss = .
                0x0000000020000010                __bss_start__ = _sbss
 *(.bss)
 .bss           0x0000000020000010       0x1c D:/STM32CubeIDE_1.13.1/STM32CubeIDE/plugins/com.st.stm32cube.ide.mcu.externaltools.gnu-tools-for-stm32.11.3.rel1.win32_1.1.0.202305231506/tools/bin/../lib/gcc/arm-none-eabi/11.3.1/thumb/v7-m/nofp/crtbegin.o
 *(.bss*)
 .bss.POINT_COLOR
                0x000000002000002c        0x2 ./Core/Src/lcd.o
                0x000000002000002c                POINT_COLOR
 *fill*         0x000000002000002e        0x2 
 .bss.lcddev    0x0000000020000030        0xe ./Core/Src/lcd.o
                0x0000000020000030                lcddev
 *fill*         0x000000002000003e        0x2 
 .bss.rxBuffer  0x0000000020000040       0x14 ./Core/Src/stm32f1xx_it.o
                0x0000000020000040                rxBuffer
 .bss.uLength.1
                0x0000000020000054        0x1 ./Core/Src/stm32f1xx_it.o
 *fill*         0x0000000020000055        0x3 
 .bss.uRx_Data.0
                0x0000000020000058      0x400 ./Core/Src/stm32f1xx_it.o
 .bss.huart1    0x0000000020000458       0x48 ./Core/Src/usart.o
                0x0000000020000458                huart1
 .bss.uwTick    0x00000000200004a0        0x4 ./Drivers/STM32F1xx_HAL_Driver/Src/stm32f1xx_hal.o
                0x00000000200004a0                uwTick
 *(COMMON)
                0x00000000200004a4                . = ALIGN (0x4)
                0x00000000200004a4                _ebss = .
                0x00000000200004a4                __bss_end__ = _ebss

._user_heap_stack
                0x00000000200004a4      0x604 load address 0x0000000008009b34
                0x00000000200004a8                . = ALIGN (0x8)
 *fill*         0x00000000200004a4        0x4 
                [!provide]                        PROVIDE (end = .)
                0x00000000200004a8                PROVIDE (_end = .)
                0x00000000200006a8                . = (. + _Min_Heap_Size)
 *fill*         0x00000000200004a8      0x200 
                0x0000000020000aa8                . = (. + _Min_Stack_Size)
 *fill*         0x00000000200006a8      0x400 
                0x0000000020000aa8                . = ALIGN (0x8)

/DISCARD/
 libc.a(*)
 libm.a(*)
 libgcc.a(*)

.ARM.attributes
                0x0000000000000000       0x29
 *(.ARM.attributes)
 .ARM.attributes
                0x0000000000000000       0x1d D:/STM32CubeIDE_1.13.1/STM32CubeIDE/plugins/com.st.stm32cube.ide.mcu.externaltools.gnu-tools-for-stm32.11.3.rel1.win32_1.1.0.202305231506/tools/bin/../lib/gcc/arm-none-eabi/11.3.1/thumb/v7-m/nofp/crti.o
 .ARM.attributes
                0x000000000000001d       0x2d D:/STM32CubeIDE_1.13.1/STM32CubeIDE/plugins/com.st.stm32cube.ide.mcu.externaltools.gnu-tools-for-stm32.11.3.rel1.win32_1.1.0.202305231506/tools/bin/../lib/gcc/arm-none-eabi/11.3.1/thumb/v7-m/nofp/crtbegin.o
 .ARM.attributes
                0x000000000000004a       0x2d ./Core/Src/gpio.o
 .ARM.attributes
                0x0000000000000077       0x2d ./Core/Src/lcd.o
 .ARM.attributes
                0x00000000000000a4       0x2d ./Core/Src/main.o
 .ARM.attributes
                0x00000000000000d1       0x2d ./Core/Src/stm32f1xx_hal_msp.o
 .ARM.attributes
                0x00000000000000fe       0x2d ./Core/Src/stm32f1xx_it.o
 .ARM.attributes
                0x000000000000012b       0x2d ./Core/Src/system_stm32f1xx.o
 .ARM.attributes
                0x0000000000000158       0x2d ./Core/Src/usart.o
 .ARM.attributes
                0x0000000000000185       0x21 ./Core/Startup/startup_stm32f103rctx.o
 .ARM.attributes
                0x00000000000001a6       0x2d ./Drivers/STM32F1xx_HAL_Driver/Src/stm32f1xx_hal.o
 .ARM.attributes
                0x00000000000001d3       0x2d ./Drivers/STM32F1xx_HAL_Driver/Src/stm32f1xx_hal_cortex.o
 .ARM.attributes
                0x0000000000000200       0x2d ./Drivers/STM32F1xx_HAL_Driver/Src/stm32f1xx_hal_dma.o
 .ARM.attributes
                0x000000000000022d       0x2d ./Drivers/STM32F1xx_HAL_Driver/Src/stm32f1xx_hal_gpio.o
 .ARM.attributes
                0x000000000000025a       0x2d ./Drivers/STM32F1xx_HAL_Driver/Src/stm32f1xx_hal_rcc.o
 .ARM.attributes
                0x0000000000000287       0x2d ./Drivers/STM32F1xx_HAL_Driver/Src/stm32f1xx_hal_uart.o
 .ARM.attributes
                0x00000000000002b4       0x2d D:/STM32CubeIDE_1.13.1/STM32CubeIDE/plugins/com.st.stm32cube.ide.mcu.externaltools.gnu-tools-for-stm32.11.3.rel1.win32_1.1.0.202305231506/tools/bin/../lib/gcc/arm-none-eabi/11.3.1/../../../../arm-none-eabi/lib/thumb/v7-m/nofp\libc_nano.a(libc_a-memset.o)
 .ARM.attributes
                0x00000000000002e1       0x2d D:/STM32CubeIDE_1.13.1/STM32CubeIDE/plugins/com.st.stm32cube.ide.mcu.externaltools.gnu-tools-for-stm32.11.3.rel1.win32_1.1.0.202305231506/tools/bin/../lib/gcc/arm-none-eabi/11.3.1/../../../../arm-none-eabi/lib/thumb/v7-m/nofp\libc_nano.a(libc_a-init.o)
 .ARM.attributes
                0x000000000000030e       0x1d D:/STM32CubeIDE_1.13.1/STM32CubeIDE/plugins/com.st.stm32cube.ide.mcu.externaltools.gnu-tools-for-stm32.11.3.rel1.win32_1.1.0.202305231506/tools/bin/../lib/gcc/arm-none-eabi/11.3.1/thumb/v7-m/nofp\libgcc.a(_arm_muldf3.o)
 .ARM.attributes
                0x000000000000032b       0x1d D:/STM32CubeIDE_1.13.1/STM32CubeIDE/plugins/com.st.stm32cube.ide.mcu.externaltools.gnu-tools-for-stm32.11.3.rel1.win32_1.1.0.202305231506/tools/bin/../lib/gcc/arm-none-eabi/11.3.1/thumb/v7-m/nofp\libgcc.a(_arm_addsubdf3.o)
 .ARM.attributes
                0x0000000000000348       0x1d D:/STM32CubeIDE_1.13.1/STM32CubeIDE/plugins/com.st.stm32cube.ide.mcu.externaltools.gnu-tools-for-stm32.11.3.rel1.win32_1.1.0.202305231506/tools/bin/../lib/gcc/arm-none-eabi/11.3.1/thumb/v7-m/nofp\libgcc.a(_arm_fixunsdfsi.o)
 .ARM.attributes
                0x0000000000000365       0x1d D:/STM32CubeIDE_1.13.1/STM32CubeIDE/plugins/com.st.stm32cube.ide.mcu.externaltools.gnu-tools-for-stm32.11.3.rel1.win32_1.1.0.202305231506/tools/bin/../lib/gcc/arm-none-eabi/11.3.1/thumb/v7-m/nofp/crtn.o
OUTPUT(lab5.elf elf32-littlearm)
LOAD linker stubs
LOAD D:/STM32CubeIDE_1.13.1/STM32CubeIDE/plugins/com.st.stm32cube.ide.mcu.externaltools.gnu-tools-for-stm32.11.3.rel1.win32_1.1.0.202305231506/tools/bin/../lib/gcc/arm-none-eabi/11.3.1/../../../../arm-none-eabi/lib/thumb/v7-m/nofp\libc.a
LOAD D:/STM32CubeIDE_1.13.1/STM32CubeIDE/plugins/com.st.stm32cube.ide.mcu.externaltools.gnu-tools-for-stm32.11.3.rel1.win32_1.1.0.202305231506/tools/bin/../lib/gcc/arm-none-eabi/11.3.1/../../../../arm-none-eabi/lib/thumb/v7-m/nofp\libm.a
LOAD D:/STM32CubeIDE_1.13.1/STM32CubeIDE/plugins/com.st.stm32cube.ide.mcu.externaltools.gnu-tools-for-stm32.11.3.rel1.win32_1.1.0.202305231506/tools/bin/../lib/gcc/arm-none-eabi/11.3.1/thumb/v7-m/nofp\libgcc.a

.comment        0x0000000000000000       0x43
 .comment       0x0000000000000000       0x43 D:/STM32CubeIDE_1.13.1/STM32CubeIDE/plugins/com.st.stm32cube.ide.mcu.externaltools.gnu-tools-for-stm32.11.3.rel1.win32_1.1.0.202305231506/tools/bin/../lib/gcc/arm-none-eabi/11.3.1/thumb/v7-m/nofp/crtbegin.o
                                         0x44 (size before relaxing)
 .comment       0x0000000000000043       0x44 ./Core/Src/gpio.o
 .comment       0x0000000000000043       0x44 ./Core/Src/lcd.o
 .comment       0x0000000000000043       0x44 ./Core/Src/main.o
 .comment       0x0000000000000043       0x44 ./Core/Src/stm32f1xx_hal_msp.o
 .comment       0x0000000000000043       0x44 ./Core/Src/stm32f1xx_it.o
 .comment       0x0000000000000043       0x44 ./Core/Src/system_stm32f1xx.o
 .comment       0x0000000000000043       0x44 ./Core/Src/usart.o
 .comment       0x0000000000000043       0x44 ./Drivers/STM32F1xx_HAL_Driver/Src/stm32f1xx_hal.o
 .comment       0x0000000000000043       0x44 ./Drivers/STM32F1xx_HAL_Driver/Src/stm32f1xx_hal_cortex.o
 .comment       0x0000000000000043       0x44 ./Drivers/STM32F1xx_HAL_Driver/Src/stm32f1xx_hal_dma.o
 .comment       0x0000000000000043       0x44 ./Drivers/STM32F1xx_HAL_Driver/Src/stm32f1xx_hal_gpio.o
 .comment       0x0000000000000043       0x44 ./Drivers/STM32F1xx_HAL_Driver/Src/stm32f1xx_hal_rcc.o
 .comment       0x0000000000000043       0x44 ./Drivers/STM32F1xx_HAL_Driver/Src/stm32f1xx_hal_uart.o

.debug_info     0x0000000000000000     0x8576
 .debug_info    0x0000000000000000      0x498 ./Core/Src/gpio.o
 .debug_info    0x0000000000000498      0xd8f ./Core/Src/lcd.o
 .debug_info    0x0000000000001227      0x7af ./Core/Src/main.o
 .debug_info    0x00000000000019d6      0x204 ./Core/Src/stm32f1xx_hal_msp.o
 .debug_info    0x0000000000001bda      0x776 ./Core/Src/stm32f1xx_it.o
 .debug_info    0x0000000000002350      0x222 ./Core/Src/system_stm32f1xx.o
 .debug_info    0x0000000000002572      0x990 ./Core/Src/usart.o
 .debug_info    0x0000000000002f02       0x23 ./Core/Startup/startup_stm32f103rctx.o
 .debug_info    0x0000000000002f25      0x76a ./Drivers/STM32F1xx_HAL_Driver/Src/stm32f1xx_hal.o
 .debug_info    0x000000000000368f      0xaed ./Drivers/STM32F1xx_HAL_Driver/Src/stm32f1xx_hal_cortex.o
 .debug_info    0x000000000000417c      0x6d2 ./Drivers/STM32F1xx_HAL_Driver/Src/stm32f1xx_hal_dma.o
 .debug_info    0x000000000000484e      0x5ab ./Drivers/STM32F1xx_HAL_Driver/Src/stm32f1xx_hal_gpio.o
 .debug_info    0x0000000000004df9      0x7d5 ./Drivers/STM32F1xx_HAL_Driver/Src/stm32f1xx_hal_rcc.o
 .debug_info    0x00000000000055ce     0x2fa8 ./Drivers/STM32F1xx_HAL_Driver/Src/stm32f1xx_hal_uart.o

.debug_abbrev   0x0000000000000000     0x1ba8
 .debug_abbrev  0x0000000000000000      0x161 ./Core/Src/gpio.o
 .debug_abbrev  0x0000000000000161      0x2d7 ./Core/Src/lcd.o
 .debug_abbrev  0x0000000000000438      0x22f ./Core/Src/main.o
 .debug_abbrev  0x0000000000000667       0xf7 ./Core/Src/stm32f1xx_hal_msp.o
 .debug_abbrev  0x000000000000075e      0x27b ./Core/Src/stm32f1xx_it.o
 .debug_abbrev  0x00000000000009d9      0x13f ./Core/Src/system_stm32f1xx.o
 .debug_abbrev  0x0000000000000b18      0x205 ./Core/Src/usart.o
 .debug_abbrev  0x0000000000000d1d       0x12 ./Core/Startup/startup_stm32f103rctx.o
 .debug_abbrev  0x0000000000000d2f      0x201 ./Drivers/STM32F1xx_HAL_Driver/Src/stm32f1xx_hal.o
 .debug_abbrev  0x0000000000000f30      0x2f8 ./Drivers/STM32F1xx_HAL_Driver/Src/stm32f1xx_hal_cortex.o
 .debug_abbrev  0x0000000000001228      0x20b ./Drivers/STM32F1xx_HAL_Driver/Src/stm32f1xx_hal_dma.o
 .debug_abbrev  0x0000000000001433      0x1ca ./Drivers/STM32F1xx_HAL_Driver/Src/stm32f1xx_hal_gpio.o
 .debug_abbrev  0x00000000000015fd      0x2b3 ./Drivers/STM32F1xx_HAL_Driver/Src/stm32f1xx_hal_rcc.o
 .debug_abbrev  0x00000000000018b0      0x2f8 ./Drivers/STM32F1xx_HAL_Driver/Src/stm32f1xx_hal_uart.o

.debug_aranges  0x0000000000000000      0x7e0
 .debug_aranges
                0x0000000000000000       0x20 ./Core/Src/gpio.o
 .debug_aranges
                0x0000000000000020      0x118 ./Core/Src/lcd.o
 .debug_aranges
                0x0000000000000138       0x30 ./Core/Src/main.o
 .debug_aranges
                0x0000000000000168       0x20 ./Core/Src/stm32f1xx_hal_msp.o
 .debug_aranges
                0x0000000000000188       0x88 ./Core/Src/stm32f1xx_it.o
 .debug_aranges
                0x0000000000000210       0x28 ./Core/Src/system_stm32f1xx.o
 .debug_aranges
                0x0000000000000238       0x30 ./Core/Src/usart.o
 .debug_aranges
                0x0000000000000268       0x28 ./Core/Startup/startup_stm32f103rctx.o
 .debug_aranges
                0x0000000000000290       0xe0 ./Drivers/STM32F1xx_HAL_Driver/Src/stm32f1xx_hal.o
 .debug_aranges
                0x0000000000000370      0x100 ./Drivers/STM32F1xx_HAL_Driver/Src/stm32f1xx_hal_cortex.o
 .debug_aranges
                0x0000000000000470       0x80 ./Drivers/STM32F1xx_HAL_Driver/Src/stm32f1xx_hal_dma.o
 .debug_aranges
                0x00000000000004f0       0x58 ./Drivers/STM32F1xx_HAL_Driver/Src/stm32f1xx_hal_gpio.o
 .debug_aranges
                0x0000000000000548       0x90 ./Drivers/STM32F1xx_HAL_Driver/Src/stm32f1xx_hal_rcc.o
 .debug_aranges
                0x00000000000005d8      0x208 ./Drivers/STM32F1xx_HAL_Driver/Src/stm32f1xx_hal_uart.o

.debug_rnglists
                0x0000000000000000      0x610
 .debug_rnglists
                0x0000000000000000       0x14 ./Core/Src/gpio.o
 .debug_rnglists
                0x0000000000000014       0xdf ./Core/Src/lcd.o
 .debug_rnglists
                0x00000000000000f3       0x20 ./Core/Src/main.o
 .debug_rnglists
                0x0000000000000113       0x13 ./Core/Src/stm32f1xx_hal_msp.o
 .debug_rnglists
                0x0000000000000126       0x6e ./Core/Src/stm32f1xx_it.o
 .debug_rnglists
                0x0000000000000194       0x1a ./Core/Src/system_stm32f1xx.o
 .debug_rnglists
                0x00000000000001ae       0x20 ./Core/Src/usart.o
 .debug_rnglists
                0x00000000000001ce       0x19 ./Core/Startup/startup_stm32f103rctx.o
 .debug_rnglists
                0x00000000000001e7       0xa3 ./Drivers/STM32F1xx_HAL_Driver/Src/stm32f1xx_hal.o
 .debug_rnglists
                0x000000000000028a       0xbb ./Drivers/STM32F1xx_HAL_Driver/Src/stm32f1xx_hal_cortex.o
 .debug_rnglists
                0x0000000000000345       0x64 ./Drivers/STM32F1xx_HAL_Driver/Src/stm32f1xx_hal_dma.o
 .debug_rnglists
                0x00000000000003a9       0x3f ./Drivers/STM32F1xx_HAL_Driver/Src/stm32f1xx_hal_gpio.o
 .debug_rnglists
                0x00000000000003e8       0x6c ./Drivers/STM32F1xx_HAL_Driver/Src/stm32f1xx_hal_rcc.o
 .debug_rnglists
                0x0000000000000454      0x1bc ./Drivers/STM32F1xx_HAL_Driver/Src/stm32f1xx_hal_uart.o

.debug_macro    0x0000000000000000    0x18ed9
 .debug_macro   0x0000000000000000      0x1a7 ./Core/Src/gpio.o
 .debug_macro   0x00000000000001a7      0xa9c ./Core/Src/gpio.o
 .debug_macro   0x0000000000000c43      0x215 ./Core/Src/gpio.o
 .debug_macro   0x0000000000000e58       0x2e ./Core/Src/gpio.o
 .debug_macro   0x0000000000000e86       0x22 ./Core/Src/gpio.o
 .debug_macro   0x0000000000000ea8       0x22 ./Core/Src/gpio.o
 .debug_macro   0x0000000000000eca       0x8e ./Core/Src/gpio.o
 .debug_macro   0x0000000000000f58       0x51 ./Core/Src/gpio.o
 .debug_macro   0x0000000000000fa9      0x103 ./Core/Src/gpio.o
 .debug_macro   0x00000000000010ac       0x6a ./Core/Src/gpio.o
 .debug_macro   0x0000000000001116      0x1df ./Core/Src/gpio.o
 .debug_macro   0x00000000000012f5       0x1c ./Core/Src/gpio.o
 .debug_macro   0x0000000000001311       0x22 ./Core/Src/gpio.o
 .debug_macro   0x0000000000001333       0xbd ./Core/Src/gpio.o
 .debug_macro   0x00000000000013f0      0xd23 ./Core/Src/gpio.o
 .debug_macro   0x0000000000002113     0xfd8c ./Core/Src/gpio.o
 .debug_macro   0x0000000000011e9f       0x6d ./Core/Src/gpio.o
 .debug_macro   0x0000000000011f0c     0x348d ./Core/Src/gpio.o
 .debug_macro   0x0000000000015399      0x174 ./Core/Src/gpio.o
 .debug_macro   0x000000000001550d       0x5c ./Core/Src/gpio.o
 .debug_macro   0x0000000000015569      0x5bc ./Core/Src/gpio.o
 .debug_macro   0x0000000000015b25      0x4d5 ./Core/Src/gpio.o
 .debug_macro   0x0000000000015ffa      0x1cb ./Core/Src/gpio.o
 .debug_macro   0x00000000000161c5      0x114 ./Core/Src/gpio.o
 .debug_macro   0x00000000000162d9      0x1ea ./Core/Src/gpio.o
 .debug_macro   0x00000000000164c3       0x27 ./Core/Src/gpio.o
 .debug_macro   0x00000000000164ea      0x144 ./Core/Src/gpio.o
 .debug_macro   0x000000000001662e      0x1bc ./Core/Src/gpio.o
 .debug_macro   0x00000000000167ea       0x30 ./Core/Src/gpio.o
 .debug_macro   0x000000000001681a       0x3c ./Core/Src/gpio.o
 .debug_macro   0x0000000000016856       0x57 ./Core/Src/gpio.o
 .debug_macro   0x00000000000168ad       0x87 ./Core/Src/gpio.o
 .debug_macro   0x0000000000016934      0x24f ./Core/Src/gpio.o
 .debug_macro   0x0000000000016b83      0x140 ./Core/Src/gpio.o
 .debug_macro   0x0000000000016cc3      0x28e ./Core/Src/gpio.o
 .debug_macro   0x0000000000016f51       0xb5 ./Core/Src/gpio.o
 .debug_macro   0x0000000000017006       0x4c ./Core/Src/gpio.o
 .debug_macro   0x0000000000017052      0x282 ./Core/Src/lcd.o
 .debug_macro   0x00000000000172d4       0x24 ./Core/Src/lcd.o
 .debug_macro   0x00000000000172f8       0x61 ./Core/Src/lcd.o
 .debug_macro   0x0000000000017359       0x43 ./Core/Src/lcd.o
 .debug_macro   0x000000000001739c       0x34 ./Core/Src/lcd.o
 .debug_macro   0x00000000000173d0       0x16 ./Core/Src/lcd.o
 .debug_macro   0x00000000000173e6       0x35 ./Core/Src/lcd.o
 .debug_macro   0x000000000001741b       0x16 ./Core/Src/lcd.o
 .debug_macro   0x0000000000017431       0x43 ./Core/Src/lcd.o
 .debug_macro   0x0000000000017474       0x34 ./Core/Src/lcd.o
 .debug_macro   0x00000000000174a8       0x10 ./Core/Src/lcd.o
 .debug_macro   0x00000000000174b8       0x58 ./Core/Src/lcd.o
 .debug_macro   0x0000000000017510       0x8e ./Core/Src/lcd.o
 .debug_macro   0x000000000001759e       0x1c ./Core/Src/lcd.o
 .debug_macro   0x00000000000175ba      0x177 ./Core/Src/lcd.o
 .debug_macro   0x0000000000017731      0x369 ./Core/Src/lcd.o
 .debug_macro   0x0000000000017a9a       0x16 ./Core/Src/lcd.o
 .debug_macro   0x0000000000017ab0       0x29 ./Core/Src/lcd.o
 .debug_macro   0x0000000000017ad9      0x1dc ./Core/Src/lcd.o
 .debug_macro   0x0000000000017cb5      0x1b5 ./Core/Src/main.o
 .debug_macro   0x0000000000017e6a      0x19d ./Core/Src/stm32f1xx_hal_msp.o
 .debug_macro   0x0000000000018007      0x1a7 ./Core/Src/stm32f1xx_it.o
 .debug_macro   0x00000000000181ae      0x18e ./Core/Src/system_stm32f1xx.o
 .debug_macro   0x000000000001833c      0x1a7 ./Core/Src/usart.o
 .debug_macro   0x00000000000184e3      0x1b2 ./Drivers/STM32F1xx_HAL_Driver/Src/stm32f1xx_hal.o
 .debug_macro   0x0000000000018695      0x18e ./Drivers/STM32F1xx_HAL_Driver/Src/stm32f1xx_hal_cortex.o
 .debug_macro   0x0000000000018823      0x18e ./Drivers/STM32F1xx_HAL_Driver/Src/stm32f1xx_hal_dma.o
 .debug_macro   0x00000000000189b1      0x1f9 ./Drivers/STM32F1xx_HAL_Driver/Src/stm32f1xx_hal_gpio.o
 .debug_macro   0x0000000000018baa      0x1a0 ./Drivers/STM32F1xx_HAL_Driver/Src/stm32f1xx_hal_rcc.o
 .debug_macro   0x0000000000018d4a      0x18f ./Drivers/STM32F1xx_HAL_Driver/Src/stm32f1xx_hal_uart.o

.debug_line     0x0000000000000000     0xb1b8
 .debug_line    0x0000000000000000      0x6fd ./Core/Src/gpio.o
 .debug_line    0x00000000000006fd     0x1e0c ./Core/Src/lcd.o
 .debug_line    0x0000000000002509      0x747 ./Core/Src/main.o
 .debug_line    0x0000000000002c50      0x6c2 ./Core/Src/stm32f1xx_hal_msp.o
 .debug_line    0x0000000000003312      0x830 ./Core/Src/stm32f1xx_it.o
 .debug_line    0x0000000000003b42      0x73e ./Core/Src/system_stm32f1xx.o
 .debug_line    0x0000000000004280      0x732 ./Core/Src/usart.o
 .debug_line    0x00000000000049b2       0x79 ./Core/Startup/startup_stm32f103rctx.o
 .debug_line    0x0000000000004a2b      0x96b ./Drivers/STM32F1xx_HAL_Driver/Src/stm32f1xx_hal.o
 .debug_line    0x0000000000005396      0xb53 ./Drivers/STM32F1xx_HAL_Driver/Src/stm32f1xx_hal_cortex.o
 .debug_line    0x0000000000005ee9     0x1296 ./Drivers/STM32F1xx_HAL_Driver/Src/stm32f1xx_hal_dma.o
 .debug_line    0x000000000000717f      0xa2c ./Drivers/STM32F1xx_HAL_Driver/Src/stm32f1xx_hal_gpio.o
 .debug_line    0x0000000000007bab      0xd74 ./Drivers/STM32F1xx_HAL_Driver/Src/stm32f1xx_hal_rcc.o
 .debug_line    0x000000000000891f     0x2899 ./Drivers/STM32F1xx_HAL_Driver/Src/stm32f1xx_hal_uart.o

.debug_str      0x0000000000000000    0x90254
 .debug_str     0x0000000000000000    0x8ac47 ./Core/Src/gpio.o
                                      0x8b11d (size before relaxing)
 .debug_str     0x000000000008ac47     0x3a8b ./Core/Src/lcd.o
                                      0x8e776 (size before relaxing)
 .debug_str     0x000000000008e6d2      0x588 ./Core/Src/main.o
                                      0x8b239 (size before relaxing)
 .debug_str     0x000000000008ec5a       0x77 ./Core/Src/stm32f1xx_hal_msp.o
                                      0x8acd7 (size before relaxing)
 .debug_str     0x000000000008ecd1      0x191 ./Core/Src/stm32f1xx_it.o
                                      0x8b21a (size before relaxing)
 .debug_str     0x000000000008ee62       0x7e ./Core/Src/system_stm32f1xx.o
                                      0x8abd9 (size before relaxing)
 .debug_str     0x000000000008eee0       0x75 ./Core/Src/usart.o
                                      0x8b579 (size before relaxing)
 .debug_str     0x000000000008ef55       0x34 ./Core/Startup/startup_stm32f103rctx.o
                                         0x48 (size before relaxing)
 .debug_str     0x000000000008ef89      0x367 ./Drivers/STM32F1xx_HAL_Driver/Src/stm32f1xx_hal.o
                                      0x8b3f0 (size before relaxing)
 .debug_str     0x000000000008f2f0      0x294 ./Drivers/STM32F1xx_HAL_Driver/Src/stm32f1xx_hal_cortex.o
                                      0x8b33c (size before relaxing)
 .debug_str     0x000000000008f584      0x235 ./Drivers/STM32F1xx_HAL_Driver/Src/stm32f1xx_hal_dma.o
                                      0x8af82 (size before relaxing)
 .debug_str     0x000000000008f7b9      0x2a8 ./Drivers/STM32F1xx_HAL_Driver/Src/stm32f1xx_hal_gpio.o
                                      0x8af5f (size before relaxing)
 .debug_str     0x000000000008fa61      0x229 ./Drivers/STM32F1xx_HAL_Driver/Src/stm32f1xx_hal_rcc.o
                                      0x8b008 (size before relaxing)
 .debug_str     0x000000000008fc8a      0x5ca ./Drivers/STM32F1xx_HAL_Driver/Src/stm32f1xx_hal_uart.o
                                      0x8b679 (size before relaxing)

.debug_frame    0x0000000000000000     0x1f70
 .debug_frame   0x0000000000000000       0x34 ./Core/Src/gpio.o
 .debug_frame   0x0000000000000034      0x4d4 ./Core/Src/lcd.o
 .debug_frame   0x0000000000000508       0x6c ./Core/Src/main.o
 .debug_frame   0x0000000000000574       0x34 ./Core/Src/stm32f1xx_hal_msp.o
 .debug_frame   0x00000000000005a8      0x1a0 ./Core/Src/stm32f1xx_it.o
 .debug_frame   0x0000000000000748       0x58 ./Core/Src/system_stm32f1xx.o
 .debug_frame   0x00000000000007a0       0x74 ./Core/Src/usart.o
 .debug_frame   0x0000000000000814      0x334 ./Drivers/STM32F1xx_HAL_Driver/Src/stm32f1xx_hal.o
 .debug_frame   0x0000000000000b48      0x428 ./Drivers/STM32F1xx_HAL_Driver/Src/stm32f1xx_hal_cortex.o
 .debug_frame   0x0000000000000f70      0x20c ./Drivers/STM32F1xx_HAL_Driver/Src/stm32f1xx_hal_dma.o
 .debug_frame   0x000000000000117c      0x14c ./Drivers/STM32F1xx_HAL_Driver/Src/stm32f1xx_hal_gpio.o
 .debug_frame   0x00000000000012c8      0x218 ./Drivers/STM32F1xx_HAL_Driver/Src/stm32f1xx_hal_rcc.o
 .debug_frame   0x00000000000014e0      0x944 ./Drivers/STM32F1xx_HAL_Driver/Src/stm32f1xx_hal_uart.o
 .debug_frame   0x0000000000001e24       0x20 D:/STM32CubeIDE_1.13.1/STM32CubeIDE/plugins/com.st.stm32cube.ide.mcu.externaltools.gnu-tools-for-stm32.11.3.rel1.win32_1.1.0.202305231506/tools/bin/../lib/gcc/arm-none-eabi/11.3.1/../../../../arm-none-eabi/lib/thumb/v7-m/nofp\libc_nano.a(libc_a-memset.o)
 .debug_frame   0x0000000000001e44       0x2c D:/STM32CubeIDE_1.13.1/STM32CubeIDE/plugins/com.st.stm32cube.ide.mcu.externaltools.gnu-tools-for-stm32.11.3.rel1.win32_1.1.0.202305231506/tools/bin/../lib/gcc/arm-none-eabi/11.3.1/../../../../arm-none-eabi/lib/thumb/v7-m/nofp\libc_nano.a(libc_a-init.o)
 .debug_frame   0x0000000000001e70       0x30 D:/STM32CubeIDE_1.13.1/STM32CubeIDE/plugins/com.st.stm32cube.ide.mcu.externaltools.gnu-tools-for-stm32.11.3.rel1.win32_1.1.0.202305231506/tools/bin/../lib/gcc/arm-none-eabi/11.3.1/thumb/v7-m/nofp\libgcc.a(_arm_muldf3.o)
 .debug_frame   0x0000000000001ea0       0xac D:/STM32CubeIDE_1.13.1/STM32CubeIDE/plugins/com.st.stm32cube.ide.mcu.externaltools.gnu-tools-for-stm32.11.3.rel1.win32_1.1.0.202305231506/tools/bin/../lib/gcc/arm-none-eabi/11.3.1/thumb/v7-m/nofp\libgcc.a(_arm_addsubdf3.o)
 .debug_frame   0x0000000000001f4c       0x24 D:/STM32CubeIDE_1.13.1/STM32CubeIDE/plugins/com.st.stm32cube.ide.mcu.externaltools.gnu-tools-for-stm32.11.3.rel1.win32_1.1.0.202305231506/tools/bin/../lib/gcc/arm-none-eabi/11.3.1/thumb/v7-m/nofp\libgcc.a(_arm_fixunsdfsi.o)

.debug_line_str
                0x0000000000000000       0x3c
 .debug_line_str
                0x0000000000000000       0x3c ./Core/Startup/startup_stm32f103rctx.o
                                         0x54 (size before relaxing)
